Archive member included because of file (symbol)

C:\Users\tarok\AppData\Local\arduino\cores\7dc5168c32a67afc518d931fa80be241\core.a(HardwareSerial.cpp.o)
                              C:\Users\tarok\AppData\Local\arduino\sketches\0463A8B10F42AF3897D07ED6C9E02B45\core\board.cpp.o (HardwareSerial::HardwareSerial(usart_dev*, unsigned char, unsigned char))
C:\Users\tarok\AppData\Local\arduino\cores\7dc5168c32a67afc518d931fa80be241\core.a(Print.cpp.o)
                              C:\Users\tarok\AppData\Local\arduino\cores\7dc5168c32a67afc518d931fa80be241\core.a(HardwareSerial.cpp.o) (Print::write(void const*, unsigned long))
C:\Users\tarok\AppData\Local\arduino\cores\7dc5168c32a67afc518d931fa80be241\core.a(cxxabi-compat.cpp.o)
                              C:\Users\tarok\AppData\Local\arduino\cores\7dc5168c32a67afc518d931fa80be241\core.a(HardwareSerial.cpp.o) (__cxa_pure_virtual)
C:\Users\tarok\AppData\Local\arduino\cores\7dc5168c32a67afc518d931fa80be241\core.a(adc.c.o)
                              C:\Users\tarok\AppData\Local\arduino\sketches\0463A8B10F42AF3897D07ED6C9E02B45\core\wirish\boards.cpp.o (adc_set_sample_rate)
C:\Users\tarok\AppData\Local\arduino\cores\7dc5168c32a67afc518d931fa80be241\core.a(adc_f1.c.o)
                              (__irq_adc)
C:\Users\tarok\AppData\Local\arduino\cores\7dc5168c32a67afc518d931fa80be241\core.a(dma_f1.c.o)
                              (__irq_dma1_channel1)
C:\Users\tarok\AppData\Local\arduino\cores\7dc5168c32a67afc518d931fa80be241\core.a(exc.S.o)
                              (__exc_nmi)
C:\Users\tarok\AppData\Local\arduino\cores\7dc5168c32a67afc518d931fa80be241\core.a(exti.c.o)
                              (__irq_exti0)
C:\Users\tarok\AppData\Local\arduino\cores\7dc5168c32a67afc518d931fa80be241\core.a(exti_f1.c.o)
                              C:\Users\tarok\AppData\Local\arduino\cores\7dc5168c32a67afc518d931fa80be241\core.a(exti.c.o) (exti_select)
C:\Users\tarok\AppData\Local\arduino\cores\7dc5168c32a67afc518d931fa80be241\core.a(flash.c.o)
                              C:\Users\tarok\AppData\Local\arduino\sketches\0463A8B10F42AF3897D07ED6C9E02B45\core\wirish\boards.cpp.o (flash_set_latency)
C:\Users\tarok\AppData\Local\arduino\cores\7dc5168c32a67afc518d931fa80be241\core.a(gpio_f1.c.o)
                              C:\Users\tarok\AppData\Local\arduino\sketches\0463A8B10F42AF3897D07ED6C9E02B45\core\wirish\boards_setup.cpp.o (gpio_init_all)
C:\Users\tarok\AppData\Local\arduino\cores\7dc5168c32a67afc518d931fa80be241\core.a(i2c_f1.c.o)
                              (__irq_i2c1_ev)
C:\Users\tarok\AppData\Local\arduino\cores\7dc5168c32a67afc518d931fa80be241\core.a(nvic.c.o)
                              C:\Users\tarok\AppData\Local\arduino\cores\7dc5168c32a67afc518d931fa80be241\core.a(i2c_f1.c.o) (nvic_irq_set_priority)
C:\Users\tarok\AppData\Local\arduino\cores\7dc5168c32a67afc518d931fa80be241\core.a(rcc.c.o)
                              C:\Users\tarok\AppData\Local\arduino\sketches\0463A8B10F42AF3897D07ED6C9E02B45\core\wirish\boards.cpp.o (rcc_switch_sysclk)
C:\Users\tarok\AppData\Local\arduino\cores\7dc5168c32a67afc518d931fa80be241\core.a(rcc_f1.c.o)
                              C:\Users\tarok\AppData\Local\arduino\sketches\0463A8B10F42AF3897D07ED6C9E02B45\core\wirish\boards.cpp.o (rcc_configure_pll)
C:\Users\tarok\AppData\Local\arduino\cores\7dc5168c32a67afc518d931fa80be241\core.a(isrs.S.o)
                              (__stm32reservedexception7)
C:\Users\tarok\AppData\Local\arduino\cores\7dc5168c32a67afc518d931fa80be241\core.a(vector_table.S.o)
                              (__stm32_vector_table)
C:\Users\tarok\AppData\Local\arduino\cores\7dc5168c32a67afc518d931fa80be241\core.a(systick.c.o)
                              C:\Users\tarok\AppData\Local\arduino\sketches\0463A8B10F42AF3897D07ED6C9E02B45\core\wirish\boards.cpp.o (systick_init)
C:\Users\tarok\AppData\Local\arduino\cores\7dc5168c32a67afc518d931fa80be241\core.a(timer.c.o)
                              C:\Users\tarok\AppData\Local\arduino\sketches\0463A8B10F42AF3897D07ED6C9E02B45\core\wirish\boards.cpp.o (timer_foreach)
C:\Users\tarok\AppData\Local\arduino\cores\7dc5168c32a67afc518d931fa80be241\core.a(usart.c.o)
                              C:\Users\tarok\AppData\Local\arduino\cores\7dc5168c32a67afc518d931fa80be241\core.a(HardwareSerial.cpp.o) (usart_init)
C:\Users\tarok\AppData\Local\arduino\cores\7dc5168c32a67afc518d931fa80be241\core.a(usart_f1.c.o)
                              C:\Users\tarok\AppData\Local\arduino\cores\7dc5168c32a67afc518d931fa80be241\core.a(HardwareSerial.cpp.o) (usart_config_gpios_async)
C:\Users\tarok\AppData\Local\arduino\cores\7dc5168c32a67afc518d931fa80be241\core.a(usart_private.c.o)
                              C:\Users\tarok\AppData\Local\arduino\cores\7dc5168c32a67afc518d931fa80be241\core.a(usart_f1.c.o) (_usart_clock_freq)
C:\Users\tarok\AppData\Local\arduino\cores\7dc5168c32a67afc518d931fa80be241\core.a(usb.c.o)
[...]
Memory Configuration

Name             Origin             Length             Attributes
ram              0x20000000         0x00005000         xrw
rom              0x08002000         0x0001e000         xr
*default*        0x00000000         0xffffffff

Linker script and memory map

LOAD c:/users/tarok/appdata/local/arduino15/packages/arduino/tools/arm-none-eabi-gcc/4.8.3-2014q1/bin/../lib/gcc/arm-none-eabi/4.8.3/armv7-m/crti.o
LOAD c:/users/tarok/appdata/local/arduino15/packages/arduino/tools/arm-none-eabi-gcc/4.8.3-2014q1/bin/../lib/gcc/arm-none-eabi/4.8.3/armv7-m/crtbegin.o
LOAD c:/users/tarok/appdata/local/arduino15/packages/arduino/tools/arm-none-eabi-gcc/4.8.3-2014q1/bin/../lib/gcc/arm-none-eabi/4.8.3/../../../../arm-none-eabi/lib/armv7-m/crt0.o
LOAD c:/users/tarok/appdata/local/arduino15/packages/arduino/tools/arm-none-eabi-gcc/4.8.3-2014q1/bin/../lib/gcc/arm-none-eabi/4.8.3/armv7-m\libgcc.a
START GROUP
LOAD C:\Users\tarok\AppData\Local\arduino\sketches\0463A8B10F42AF3897D07ED6C9E02B45\sketch\sketch_may9b.ino.cpp.o
LOAD C:\Users\tarok\AppData\Local\arduino\sketches\0463A8B10F42AF3897D07ED6C9E02B45\core\board.cpp.o
LOAD C:\Users\tarok\AppData\Local\arduino\sketches\0463A8B10F42AF3897D07ED6C9E02B45\core\wirish\boards.cpp.o
LOAD C:\Users\tarok\AppData\Local\arduino\sketches\0463A8B10F42AF3897D07ED6C9E02B45\core\wirish\boards_setup.cpp.o
LOAD C:\Users\tarok\AppData\Local\arduino\sketches\0463A8B10F42AF3897D07ED6C9E02B45\core\wirish\start.S.o
LOAD C:\Users\tarok\AppData\Local\arduino\sketches\0463A8B10F42AF3897D07ED6C9E02B45\core\wirish\start_c.c.o
LOAD C:\Users\tarok\AppData\Local\arduino\sketches\0463A8B10F42AF3897D07ED6C9E02B45\core\wirish\syscalls.c.o
LOAD C:\Users\tarok\AppData\Local\arduino\cores\7dc5168c32a67afc518d931fa80be241\core.a
END GROUP
LOAD c:/users/tarok/appdata/local/arduino15/packages/arduino/tools/arm-none-eabi-gcc/4.8.3-2014q1/bin/../lib/gcc/arm-none-eabi/4.8.3/../../../../arm-none-eabi/lib/armv7-m\libstdc++_s.a
LOAD c:/users/tarok/appdata/local/arduino15/packages/arduino/tools/arm-none-eabi-gcc/4.8.3-2014q1/bin/../lib/gcc/arm-none-eabi/4.8.3/../../../../arm-none-eabi/lib/armv7-m\libm.a
START GROUP
LOAD c:/users/tarok/appdata/local/arduino15/packages/arduino/tools/arm-none-eabi-gcc/4.8.3-2014q1/bin/../lib/gcc/arm-none-eabi/4.8.3/armv7-m\libgcc.a
LOAD c:/users/tarok/appdata/local/arduino15/packages/arduino/tools/arm-none-eabi-gcc/4.8.3-2014q1/bin/../lib/gcc/arm-none-eabi/4.8.3/../../../../arm-none-eabi/lib/armv7-m\libc_s.a
END GROUP
START GROUP
LOAD c:/users/tarok/appdata/local/arduino15/packages/arduino/tools/arm-none-eabi-gcc/4.8.3-2014q1/bin/../lib/gcc/arm-none-eabi/4.8.3/armv7-m\libgcc.a
LOAD c:/users/tarok/appdata/local/arduino15/packages/arduino/tools/arm-none-eabi-gcc/4.8.3-2014q1/bin/../lib/gcc/arm-none-eabi/4.8.3/../../../../arm-none-eabi/lib/armv7-m\libc_s.a
END GROUP
LOAD c:/users/tarok/appdata/local/arduino15/packages/arduino/tools/arm-none-eabi-gcc/4.8.3-2014q1/bin/../lib/gcc/arm-none-eabi/4.8.3/armv7-m/crtend.o
LOAD c:/users/tarok/appdata/local/arduino15/packages/arduino/tools/arm-none-eabi-gcc/4.8.3-2014q1/bin/../lib/gcc/arm-none-eabi/4.8.3/armv7-m/crtn.o
START GROUP
LOAD c:/users/tarok/appdata/local/arduino15/packages/arduino/tools/arm-none-eabi-gcc/4.8.3-2014q1/bin/../lib/gcc/arm-none-eabi/4.8.3/armv7-m\libgcc.a
LOAD c:/users/tarok/appdata/local/arduino15/packages/arduino/tools/arm-none-eabi-gcc/4.8.3-2014q1/bin/../lib/gcc/arm-none-eabi/4.8.3/../../../../arm-none-eabi/lib/armv7-m\libc.a
LOAD c:/users/tarok/appdata/local/arduino15/packages/arduino/tools/arm-none-eabi-gcc/4.8.3-2014q1/bin/../lib/gcc/arm-none-eabi/4.8.3/../../../../arm-none-eabi/lib/armv7-m\libm.a
END GROUP
START GROUP
LOAD c:/users/tarok/appdata/local/arduino15/packages/arduino/tools/arm-none-eabi-gcc/4.8.3-2014q1/bin/../lib/gcc/arm-none-eabi/4.8.3/../../../../arm-none-eabi/lib/armv7-m\libnosys.a
END GROUP
                0x20005000                PROVIDE (__msp_init, (ORIGIN (ram) + 0x5000))
                0x080023c0                PROVIDE (__exc_reset, __start__)

.text           0x08002000     0x2a1c
                0x08002000                __text_start__ = .
 *(.stm32.interrupt_vector)
 .stm32.interrupt_vector
                0x08002000       0xec C:\Users\tarok\AppData\Local\arduino\cores\7dc5168c32a67afc518d931fa80be241\core.a(vector_table.S.o)
                0x08002000                __stm32_vector_table
 *(.text .text.* .gnu.linkonce.t.*)
 .text          0x080020ec       0x54 c:/users/tarok/appdata/local/arduino15/packages/arduino/tools/arm-none-eabi-gcc/4.8.3-2014q1/bin/../lib/gcc/arm-none-eabi/4.8.3/armv7-m/crtbegin.o
 .text._Z5setupv
                0x08002140        0x8 C:\Users\tarok\AppData\Local\arduino\sketches\0463A8B10F42AF3897D07ED6C9E02B45\sketch\sketch_may9b.ino.cpp.o
                0x08002140                setup()
 .text._Z4loopv
                0x08002148       0x26 C:\Users\tarok\AppData\Local\arduino\sketches\0463A8B10F42AF3897D07ED6C9E02B45\sketch\sketch_may9b.ino.cpp.o
                0x08002148                loop()
 .text._Z9boardInitv
                0x0800216e        0x4 C:\Users\tarok\AppData\Local\arduino\sketches\0463A8B10F42AF3897D07ED6C9E02B45\core\board.cpp.o
                0x0800216e                boardInit()
 *fill*         0x08002172        0x2 
 .text.startup._GLOBAL__sub_I__Z9boardInitv
                0x08002174       0x48 C:\Users\tarok\AppData\Local\arduino\sketches\0463A8B10F42AF3897D07ED6C9E02B45\core\board.cpp.o
 .text._ZL18adc_default_configP7adc_dev
                0x080021bc       0x1c C:\Users\tarok\AppData\Local\arduino\sketches\0463A8B10F42AF3897D07ED6C9E02B45\core\wirish\boards.cpp.o
 .text._ZL20timer_default_configP9timer_dev
                0x080021d8       0x9e C:\Users\tarok\AppData\Local\arduino\sketches\0463A8B10F42AF3897D07ED6C9E02B45\core\wirish\boards.cpp.o
 *fill*         0x08002276        0x2 
 .text._Z4initv
                0x08002278       0xbc C:\Users\tarok\AppData\Local\arduino\sketches\0463A8B10F42AF3897D07ED6C9E02B45\core\wirish\boards.cpp.o
                0x08002278                init()
 .text._ZN6wirish4priv15board_reset_pllEv
                0x08002334        0x2 C:\Users\tarok\AppData\Local\arduino\sketches\0463A8B10F42AF3897D07ED6C9E02B45\core\wirish\boards_setup.cpp.o
                0x08002334                wirish::priv::board_reset_pll()
 .text._ZN6wirish4priv28board_setup_clock_prescalersEv
                0x08002336       0x2e C:\Users\tarok\AppData\Local\arduino\sketches\0463A8B10F42AF3897D07ED6C9E02B45\core\wirish\boards_setup.cpp.o
                0x08002336                wirish::priv::board_setup_clock_prescalers()
 .text._ZN6wirish4priv16board_setup_gpioEv
                0x08002364        0x4 C:\Users\tarok\AppData\Local\arduino\sketches\0463A8B10F42AF3897D07ED6C9E02B45\core\wirish\boards_setup.cpp.o
                0x08002364                wirish::priv::board_setup_gpio()
 .text._ZN6wirish4priv15board_setup_usbEv
                0x08002368       0x54 C:\Users\tarok\AppData\Local\arduino\sketches\0463A8B10F42AF3897D07ED6C9E02B45\core\wirish\boards_setup.cpp.o
                0x08002368                wirish::priv::board_setup_usb()
 .text._ZN6wirish4priv11series_initEv
                0x080023bc        0x4 C:\Users\tarok\AppData\Local\arduino\sketches\0463A8B10F42AF3897D07ED6C9E02B45\core\wirish\boards_setup.cpp.o
                0x080023bc                wirish::priv::series_init()
 .text          0x080023c0       0x10 C:\Users\tarok\AppData\Local\arduino\sketches\0463A8B10F42AF3897D07ED6C9E02B45\core\wirish\start.S.o
                0x080023c0                __start__
 .text.start_c  0x080023d0       0x58 C:\Users\tarok\AppData\Local\arduino\sketches\0463A8B10F42AF3897D07ED6C9E02B45\core\wirish\start_c.c.o
                0x080023d0                start_c
 .text.rb_full_count
                0x08002428       0x22 C:\Users\tarok\AppData\Local\arduino\cores\7dc5168c32a67afc518d931fa80be241\core.a(HardwareSerial.cpp.o)
 .text._ZN14HardwareSerial4readEv
                0x0800244a       0x3a C:\Users\tarok\AppData\Local\arduino\cores\7dc5168c32a67afc518d931fa80be241\core.a(HardwareSerial.cpp.o)
                0x0800244a                HardwareSerial::read()
 .text._ZN14HardwareSerial9availableEv
                0x08002484        0xc C:\Users\tarok\AppData\Local\arduino\cores\7dc5168c32a67afc518d931fa80be241\core.a(HardwareSerial.cpp.o)
                0x08002484                HardwareSerial::available()
 .text._ZN14HardwareSerial4peekEv
                0x08002490       0x22 C:\Users\tarok\AppData\Local\arduino\cores\7dc5168c32a67afc518d931fa80be241\core.a(HardwareSerial.cpp.o)
                0x08002490                HardwareSerial::peek()
 .text._ZN14HardwareSerial5flushEv
                0x080024b2       0x1a C:\Users\tarok\AppData\Local\arduino\cores\7dc5168c32a67afc518d931fa80be241\core.a(HardwareSerial.cpp.o)
                0x080024b2                HardwareSerial::flush()
 .text._ZN14HardwareSerial5writeEh
                0x080024cc       0x1e C:\Users\tarok\AppData\Local\arduino\cores\7dc5168c32a67afc518d931fa80be241\core.a(HardwareSerial.cpp.o)
                0x080024cc                HardwareSerial::write(unsigned char)
 *fill*         0x080024ea        0x2 
 .text._ZN14HardwareSerialC2EP9usart_devhh
                0x080024ec       0x1c C:\Users\tarok\AppData\Local\arduino\cores\7dc5168c32a67afc518d931fa80be241\core.a(HardwareSerial.cpp.o)
                0x080024ec                HardwareSerial::HardwareSerial(usart_dev*, unsigned char, unsigned char)
                0x080024ec                HardwareSerial::HardwareSerial(usart_dev*, unsigned char, unsigned char)
 .text._ZN5Print5writeEPKvm
                0x08002508       0x20 C:\Users\tarok\AppData\Local\arduino\cores\7dc5168c32a67afc518d931fa80be241\core.a(Print.cpp.o)
                0x08002508                Print::write(void const*, unsigned long)
 .text._ZN5Print5writeEPKc
                0x08002528       0x1e C:\Users\tarok\AppData\Local\arduino\cores\7dc5168c32a67afc518d931fa80be241\core.a(Print.cpp.o)
                0x08002528                Print::write(char const*)
 .text.adc_init
                0x08002546       0x14 C:\Users\tarok\AppData\Local\arduino\cores\7dc5168c32a67afc518d931fa80be241\core.a(adc.c.o)
                0x08002546                adc_init
 .text.adc_set_extsel
                0x0800255a       0x12 C:\Users\tarok\AppData\Local\arduino\cores\7dc5168c32a67afc518d931fa80be241\core.a(adc.c.o)
                0x0800255a                adc_set_extsel
 .text.adc_set_sample_rate
                0x0800256c       0x30 C:\Users\tarok\AppData\Local\arduino\cores\7dc5168c32a67afc518d931fa80be241\core.a(adc.c.o)
                0x0800256c                adc_set_sample_rate
 .text.__irq_adc
                0x0800259c       0x50 C:\Users\tarok\AppData\Local\arduino\cores\7dc5168c32a67afc518d931fa80be241\core.a(adc_f1.c.o)
                0x0800259c                __irq_adc
 .text.adc_calibrate
                0x080025ec       0x24 C:\Users\tarok\AppData\Local\arduino\cores\7dc5168c32a67afc518d931fa80be241\core.a(adc_f1.c.o)
                0x080025ec                adc_calibrate
 .text.adc_set_prescaler
                0x08002610        0x8 C:\Users\tarok\AppData\Local\arduino\cores\7dc5168c32a67afc518d931fa80be241\core.a(adc_f1.c.o)
                0x08002610                adc_set_prescaler
 .text.adc_foreach
                0x08002618       0x1c C:\Users\tarok\AppData\Local\arduino\cores\7dc5168c32a67afc518d931fa80be241\core.a(adc_f1.c.o)
                0x08002618                adc_foreach
 .text.adc_enable_single_swstart
                0x08002634       0x36 C:\Users\tarok\AppData\Local\arduino\cores\7dc5168c32a67afc518d931fa80be241\core.a(adc_f1.c.o)
                0x08002634                adc_enable_single_swstart
 .text.dma_irq_handler
                0x0800266a       0x1c C:\Users\tarok\AppData\Local\arduino\cores\7dc5168c32a67afc518d931fa80be241\core.a(dma_f1.c.o)
 *fill*         0x08002686        0x2 
 .text.__irq_dma1_channel1
                0x08002688       0x10 C:\Users\tarok\AppData\Local\arduino\cores\7dc5168c32a67afc518d931fa80be241\core.a(dma_f1.c.o)
                0x08002688                __irq_dma1_channel1
 .text.__irq_dma1_channel2
                0x08002698       0x10 C:\Users\tarok\AppData\Local\arduino\cores\7dc5168c32a67afc518d931fa80be241\core.a(dma_f1.c.o)
                0x08002698                __irq_dma1_channel2
 .text.__irq_dma1_channel3
                0x080026a8       0x10 C:\Users\tarok\AppData\Local\arduino\cores\7dc5168c32a67afc518d931fa80be241\core.a(dma_f1.c.o)
                0x080026a8                __irq_dma1_channel3
 .text.__irq_dma1_channel4
                0x080026b8       0x10 C:\Users\tarok\AppData\Local\arduino\cores\7dc5168c32a67afc518d931fa80be241\core.a(dma_f1.c.o)
                0x080026b8                __irq_dma1_channel4
 .text.__irq_dma1_channel5
                0x080026c8       0x10 C:\Users\tarok\AppData\Local\arduino\cores\7dc5168c32a67afc518d931fa80be241\core.a(dma_f1.c.o)
                0x080026c8                __irq_dma1_channel5
 .text.__irq_dma1_channel6
                0x080026d8       0x10 C:\Users\tarok\AppData\Local\arduino\cores\7dc5168c32a67afc518d931fa80be241\core.a(dma_f1.c.o)
                0x080026d8                __irq_dma1_channel6
 .text.__irq_dma1_channel7
                0x080026e8       0x10 C:\Users\tarok\AppData\Local\arduino\cores\7dc5168c32a67afc518d931fa80be241\core.a(dma_f1.c.o)
                0x080026e8                __irq_dma1_channel7
 *fill*         0x080026f8        0x8 
 .text          0x08002700       0x60 C:\Users\tarok\AppData\Local\arduino\cores\7dc5168c32a67afc518d931fa80be241\core.a(exc.S.o)
                0x08002700                __exc_nmi
                0x08002704                __exc_hardfault
                0x08002708                __exc_memmanage
                0x0800270c                __exc_busfault
                0x08002710                __exc_usagefault
 .text.dispatch_single_exti
                0x08002760       0x2c C:\Users\tarok\AppData\Local\arduino\cores\7dc5168c32a67afc518d931fa80be241\core.a(exti.c.o)
                0x08002760                dispatch_single_exti
 .text.dispatch_extis
                0x0800278c       0x4c C:\Users\tarok\AppData\Local\arduino\cores\7dc5168c32a67afc518d931fa80be241\core.a(exti.c.o)
                0x0800278c                dispatch_extis
 .text.__irq_exti0
                0x080027d8        0x6 C:\Users\tarok\AppData\Local\arduino\cores\7dc5168c32a67afc518d931fa80be241\core.a(exti.c.o)
                0x080027d8                __irq_exti0
 .text.__irq_exti1
                0x080027de        0x6 C:\Users\tarok\AppData\Local\arduino\cores\7dc5168c32a67afc518d931fa80be241\core.a(exti.c.o)
                0x080027de                __irq_exti1
 .text.__irq_exti2
                0x080027e4        0x6 C:\Users\tarok\AppData\Local\arduino\cores\7dc5168c32a67afc518d931fa80be241\core.a(exti.c.o)
                0x080027e4                __irq_exti2
 .text.__irq_exti3
                0x080027ea        0x6 C:\Users\tarok\AppData\Local\arduino\cores\7dc5168c32a67afc518d931fa80be241\core.a(exti.c.o)
                0x080027ea                __irq_exti3
 .text.__irq_exti4
                0x080027f0        0x6 C:\Users\tarok\AppData\Local\arduino\cores\7dc5168c32a67afc518d931fa80be241\core.a(exti.c.o)
                0x080027f0                __irq_exti4
 .text.__irq_exti9_5
                0x080027f6        0x8 C:\Users\tarok\AppData\Local\arduino\cores\7dc5168c32a67afc518d931fa80be241\core.a(exti.c.o)
                0x080027f6                __irq_exti9_5
 .text.__irq_exti15_10
                0x080027fe        0x8 C:\Users\tarok\AppData\Local\arduino\cores\7dc5168c32a67afc518d931fa80be241\core.a(exti.c.o)
                0x080027fe                __irq_exti15_10
 *fill*         0x08002806        0x2 
 .text.flash_set_latency
                0x08002808       0x14 C:\Users\tarok\AppData\Local\arduino\cores\7dc5168c32a67afc518d931fa80be241\core.a(flash.c.o)
                0x08002808                flash_set_latency
 .text.gpio_init_all
                0x0800281c       0x30 C:\Users\tarok\AppData\Local\arduino\cores\7dc5168c32a67afc518d931fa80be241\core.a(gpio_f1.c.o)
                0x0800281c                gpio_init_all
 .text.gpio_set_mode
                0x0800284c       0x50 C:\Users\tarok\AppData\Local\arduino\cores\7dc5168c32a67afc518d931fa80be241\core.a(gpio_f1.c.o)
                0x0800284c                gpio_set_mode
 .text.afio_init
                0x0800289c       0x12 C:\Users\tarok\AppData\Local\arduino\cores\7dc5168c32a67afc518d931fa80be241\core.a(gpio_f1.c.o)
                0x0800289c                afio_init
 *fill*         0x080028ae        0x2 
 .text.__irq_i2c1_ev
                0x080028b0        0xc C:\Users\tarok\AppData\Local\arduino\cores\7dc5168c32a67afc518d931fa80be241\core.a(i2c_f1.c.o)
                0x080028b0                __irq_i2c1_ev
 .text.__irq_i2c2_ev
                0x080028bc        0xc C:\Users\tarok\AppData\Local\arduino\cores\7dc5168c32a67afc518d931fa80be241\core.a(i2c_f1.c.o)
                0x080028bc                __irq_i2c2_ev
 .text.__irq_i2c1_er
                0x080028c8        0xc C:\Users\tarok\AppData\Local\arduino\cores\7dc5168c32a67afc518d931fa80be241\core.a(i2c_f1.c.o)
                0x080028c8                __irq_i2c1_er
 .text.__irq_i2c2_er
                0x080028d4        0xc C:\Users\tarok\AppData\Local\arduino\cores\7dc5168c32a67afc518d931fa80be241\core.a(i2c_f1.c.o)
                0x080028d4                __irq_i2c2_er
 .text.nvic_irq_set_priority
                0x080028e0       0x28 C:\Users\tarok\AppData\Local\arduino\cores\7dc5168c32a67afc518d931fa80be241\core.a(nvic.c.o)
                0x080028e0                nvic_irq_set_priority
 .text.nvic_init
                0x08002908       0x30 C:\Users\tarok\AppData\Local\arduino\cores\7dc5168c32a67afc518d931fa80be241\core.a(nvic.c.o)
                0x08002908                nvic_init
 .text.nvic_sys_reset
                0x08002938       0x1c C:\Users\tarok\AppData\Local\arduino\cores\7dc5168c32a67afc518d931fa80be241\core.a(nvic.c.o)
                0x08002938                nvic_sys_reset
 .text.rcc_dev_clk
                0x08002954        0xc C:\Users\tarok\AppData\Local\arduino\cores\7dc5168c32a67afc518d931fa80be241\core.a(rcc.c.o)
                0x08002954                rcc_dev_clk
 .text.rcc_switch_sysclk
                0x08002960       0x20 C:\Users\tarok\AppData\Local\arduino\cores\7dc5168c32a67afc518d931fa80be241\core.a(rcc.c.o)
                0x08002960                rcc_switch_sysclk
 .text.rcc_turn_on_clk
                0x08002980       0x1a C:\Users\tarok\AppData\Local\arduino\cores\7dc5168c32a67afc518d931fa80be241\core.a(rcc.c.o)
                0x08002980                rcc_turn_on_clk
 .text.rcc_turn_off_clk
                0x0800299a       0x1c C:\Users\tarok\AppData\Local\arduino\cores\7dc5168c32a67afc518d931fa80be241\core.a(rcc.c.o)
                0x0800299a                rcc_turn_off_clk
 .text.rcc_is_clk_ready
                0x080029b6       0x18 C:\Users\tarok\AppData\Local\arduino\cores\7dc5168c32a67afc518d931fa80be241\core.a(rcc.c.o)
                0x080029b6                rcc_is_clk_ready
 *fill*         0x080029ce        0x2 
 .text.rcc_configure_pll
                0x080029d0       0x18 C:\Users\tarok\AppData\Local\arduino\cores\7dc5168c32a67afc518d931fa80be241\core.a(rcc_f1.c.o)
                0x080029d0                rcc_configure_pll
 .text.rcc_clk_enable
                0x080029e8       0x30 C:\Users\tarok\AppData\Local\arduino\cores\7dc5168c32a67afc518d931fa80be241\core.a(rcc_f1.c.o)
                0x080029e8                rcc_clk_enable
 .text.rcc_reset_dev
                0x08002a18       0x34 C:\Users\tarok\AppData\Local\arduino\cores\7dc5168c32a67afc518d931fa80be241\core.a(rcc_f1.c.o)
                0x08002a18                rcc_reset_dev
 .text.rcc_set_prescaler
                0x08002a4c       0x20 C:\Users\tarok\AppData\Local\arduino\cores\7dc5168c32a67afc518d931fa80be241\core.a(rcc_f1.c.o)
                0x08002a4c                rcc_set_prescaler
 .text.rcc_clk_disable
                0x08002a6c       0x30 C:\Users\tarok\AppData\Local\arduino\cores\7dc5168c32a67afc518d931fa80be241\core.a(rcc_f1.c.o)
                0x08002a6c                rcc_clk_disable
 .text          0x08002a9c        0x2 C:\Users\tarok\AppData\Local\arduino\cores\7dc5168c32a67afc518d931fa80be241\core.a(isrs.S.o)
                0x08002a9c                __stm32reservedexception9
                0x08002a9c                __exc_debug_monitor
                0x08002a9c                __exc_svc
                0x08002a9c                __irq_can_rx1
                0x08002a9c                __irq_spi2
                0x08002a9c                __irq_can_sce
                0x08002a9c                __irq_pvd
                0x08002a9c                __irq_tamper
                0x08002a9c                __default_handler
                0x08002a9c                __irq_wwdg
                0x08002a9c                __stm32reservedexception10
                0x08002a9c                __irq_flash
                0x08002a9c                __stm32reservedexception13
                0x08002a9c                __irq_rtc
                0x08002a9c                __irq_spi1
                0x08002a9c                __stm32reservedexception7
                0x08002a9c                __irq_usb_hp_can_tx
                0x08002a9c                __irq_rtcalarm
                0x08002a9c                __stm32reservedexception8
                0x08002a9c                __exc_pendsv
                0x08002a9c                __irq_usbwakeup
                0x08002a9c                __irq_rcc
 *fill*         0x08002a9e        0x2 
 .text.systick_init
                0x08002aa0       0x10 C:\Users\tarok\AppData\Local\arduino\cores\7dc5168c32a67afc518d931fa80be241\core.a(systick.c.o)
                0x08002aa0                systick_init
 .text.__exc_systick
                0x08002ab0       0x1c C:\Users\tarok\AppData\Local\arduino\cores\7dc5168c32a67afc518d931fa80be241\core.a(systick.c.o)
                0x08002ab0                __exc_systick
 .text.timer_oc_set_mode
                0x08002acc       0x3a C:\Users\tarok\AppData\Local\arduino\cores\7dc5168c32a67afc518d931fa80be241\core.a(timer.c.o)
 .text.dispatch_general
                0x08002b06       0x66 C:\Users\tarok\AppData\Local\arduino\cores\7dc5168c32a67afc518d931fa80be241\core.a(timer.c.o)
 .text.timer_cc_enable
                0x08002b6c       0x1c C:\Users\tarok\AppData\Local\arduino\cores\7dc5168c32a67afc518d931fa80be241\core.a(timer.c.o)
 .text.timer_foreach
                0x08002b88       0x28 C:\Users\tarok\AppData\Local\arduino\cores\7dc5168c32a67afc518d931fa80be241\core.a(timer.c.o)
                0x08002b88                timer_foreach
 .text.timer_init
                0x08002bb0       0x14 C:\Users\tarok\AppData\Local\arduino\cores\7dc5168c32a67afc518d931fa80be241\core.a(timer.c.o)
                0x08002bb0                timer_init
 .text.timer_has_cc_channel
                0x08002bc4       0x30 C:\Users\tarok\AppData\Local\arduino\cores\7dc5168c32a67afc518d931fa80be241\core.a(timer.c.o)
                0x08002bc4                timer_has_cc_channel
 .text.timer_detach_interrupt
                0x08002bf4       0x1e C:\Users\tarok\AppData\Local\arduino\cores\7dc5168c32a67afc518d931fa80be241\core.a(timer.c.o)
                0x08002bf4                timer_detach_interrupt
 .text.input_capture_mode
                0x08002c12       0x1a C:\Users\tarok\AppData\Local\arduino\cores\7dc5168c32a67afc518d931fa80be241\core.a(timer.c.o)
                0x08002c12                input_capture_mode
 .text.timer_set_mode
                0x08002c2c       0x8c C:\Users\tarok\AppData\Local\arduino\cores\7dc5168c32a67afc518d931fa80be241\core.a(timer.c.o)
                0x08002c2c                timer_set_mode
 .text.__irq_tim1_brk
                0x08002cb8       0x24 C:\Users\tarok\AppData\Local\arduino\cores\7dc5168c32a67afc518d931fa80be241\core.a(timer.c.o)
                0x08002cb8                __irq_tim1_brk
 .text.__irq_tim1_up
                0x08002cdc       0x24 C:\Users\tarok\AppData\Local\arduino\cores\7dc5168c32a67afc518d931fa80be241\core.a(timer.c.o)
                0x08002cdc                __irq_tim1_up
 .text.__irq_tim1_trg_com
                0x08002d00       0x34 C:\Users\tarok\AppData\Local\arduino\cores\7dc5168c32a67afc518d931fa80be241\core.a(timer.c.o)
                0x08002d00                __irq_tim1_trg_com
 .text.__irq_tim1_cc
                0x08002d34       0x50 C:\Users\tarok\AppData\Local\arduino\cores\7dc5168c32a67afc518d931fa80be241\core.a(timer.c.o)
                0x08002d34                __irq_tim1_cc
 .text.__irq_tim2
                0x08002d84        0xc C:\Users\tarok\AppData\Local\arduino\cores\7dc5168c32a67afc518d931fa80be241\core.a(timer.c.o)
                0x08002d84                __irq_tim2
 .text.__irq_tim3
                0x08002d90        0xc C:\Users\tarok\AppData\Local\arduino\cores\7dc5168c32a67afc518d931fa80be241\core.a(timer.c.o)
                0x08002d90                __irq_tim3
 .text.__irq_tim4
                0x08002d9c        0xc C:\Users\tarok\AppData\Local\arduino\cores\7dc5168c32a67afc518d931fa80be241\core.a(timer.c.o)
                0x08002d9c                __irq_tim4
 .text.usart_tx
                0x08002da8       0x9c C:\Users\tarok\AppData\Local\arduino\cores\7dc5168c32a67afc518d931fa80be241\core.a(usart.c.o)
                0x08002da8                usart_tx
 .text.usart_irq
                0x08002e44       0xc8 C:\Users\tarok\AppData\Local\arduino\cores\7dc5168c32a67afc518d931fa80be241\core.a(usart_f1.c.o)
 .text.__irq_usart1
                0x08002f0c       0x18 C:\Users\tarok\AppData\Local\arduino\cores\7dc5168c32a67afc518d931fa80be241\core.a(usart_f1.c.o)
                0x08002f0c                __irq_usart1
 .text.__irq_usart2
                0x08002f24       0x18 C:\Users\tarok\AppData\Local\arduino\cores\7dc5168c32a67afc518d931fa80be241\core.a(usart_f1.c.o)
                0x08002f24                __irq_usart2
 .text.__irq_usart3
                0x08002f3c       0x18 C:\Users\tarok\AppData\Local\arduino\cores\7dc5168c32a67afc518d931fa80be241\core.a(usart_f1.c.o)
                0x08002f3c                __irq_usart3
 .text.usb_resume
                0x08002f54       0xb4 C:\Users\tarok\AppData\Local\arduino\cores\7dc5168c32a67afc518d931fa80be241\core.a(usb.c.o)
 .text.usb_init_usblib
                0x08003008       0x48 C:\Users\tarok\AppData\Local\arduino\cores\7dc5168c32a67afc518d931fa80be241\core.a(usb.c.o)
                0x08003008                usb_init_usblib
 .text.__irq_usb_lp_can_rx0
                0x08003050      0x1c8 C:\Users\tarok\AppData\Local\arduino\cores\7dc5168c32a67afc518d931fa80be241\core.a(usb.c.o)
                0x08003050                __irq_usb_lp_can_rx0
 .text.usb_set_ep_rx_stat
                0x08003218       0x22 C:\Users\tarok\AppData\Local\arduino\cores\7dc5168c32a67afc518d931fa80be241\core.a(usb_cdcacm.c.o)
 *fill*         0x0800323a        0x2 
 .text.vcomGetSetLineCoding
                0x0800323c       0x18 C:\Users\tarok\AppData\Local\arduino\cores\7dc5168c32a67afc518d931fa80be241\core.a(usb_cdcacm.c.o)
 .text.usbDataSetup
                0x08003254       0x54 C:\Users\tarok\AppData\Local\arduino\cores\7dc5168c32a67afc518d931fa80be241\core.a(usb_cdcacm.c.o)
 .text.usbNoDataSetup
                0x080032a8       0x50 C:\Users\tarok\AppData\Local\arduino\cores\7dc5168c32a67afc518d931fa80be241\core.a(usb_cdcacm.c.o)
 .text.usbGetInterfaceSetting
                0x080032f8       0x10 C:\Users\tarok\AppData\Local\arduino\cores\7dc5168c32a67afc518d931fa80be241\core.a(usb_cdcacm.c.o)
 .text.usbSetConfiguration
                0x08003308       0x1c C:\Users\tarok\AppData\Local\arduino\cores\7dc5168c32a67afc518d931fa80be241\core.a(usb_cdcacm.c.o)
 .text.usbSetDeviceAddress
                0x08003324       0x10 C:\Users\tarok\AppData\Local\arduino\cores\7dc5168c32a67afc518d931fa80be241\core.a(usb_cdcacm.c.o)
 .text.usbGetStringDescriptor
                0x08003334       0x20 C:\Users\tarok\AppData\Local\arduino\cores\7dc5168c32a67afc518d931fa80be241\core.a(usb_cdcacm.c.o)
 .text.usbGetConfigDescriptor
                0x08003354        0xc C:\Users\tarok\AppData\Local\arduino\cores\7dc5168c32a67afc518d931fa80be241\core.a(usb_cdcacm.c.o)
 .text.usbGetDeviceDescriptor
                0x08003360        0xc C:\Users\tarok\AppData\Local\arduino\cores\7dc5168c32a67afc518d931fa80be241\core.a(usb_cdcacm.c.o)
 .text.usbInit  0x0800336c       0x44 C:\Users\tarok\AppData\Local\arduino\cores\7dc5168c32a67afc518d931fa80be241\core.a(usb_cdcacm.c.o)
 .text.vcomDataTxCb
                0x080033b0       0xa0 C:\Users\tarok\AppData\Local\arduino\cores\7dc5168c32a67afc518d931fa80be241\core.a(usb_cdcacm.c.o)
 .text.usbReset
                0x08003450      0x160 C:\Users\tarok\AppData\Local\arduino\cores\7dc5168c32a67afc518d931fa80be241\core.a(usb_cdcacm.c.o)
 .text.vcomDataRxCb
                0x080035b0       0x7c C:\Users\tarok\AppData\Local\arduino\cores\7dc5168c32a67afc518d931fa80be241\core.a(usb_cdcacm.c.o)
 .text.usb_cdcacm_set_hooks
                0x0800362c       0x1c C:\Users\tarok\AppData\Local\arduino\cores\7dc5168c32a67afc518d931fa80be241\core.a(usb_cdcacm.c.o)
                0x0800362c                usb_cdcacm_set_hooks
 .text.usb_cdcacm_enable
                0x08003648       0x38 C:\Users\tarok\AppData\Local\arduino\cores\7dc5168c32a67afc518d931fa80be241\core.a(usb_cdcacm.c.o)
                0x08003648                usb_cdcacm_enable
 .text.usb_cdcacm_tx
                0x08003680       0x60 C:\Users\tarok\AppData\Local\arduino\cores\7dc5168c32a67afc518d931fa80be241\core.a(usb_cdcacm.c.o)
                0x08003680                usb_cdcacm_tx
 .text.usb_cdcacm_data_available
                0x080036e0       0x18 C:\Users\tarok\AppData\Local\arduino\cores\7dc5168c32a67afc518d931fa80be241\core.a(usb_cdcacm.c.o)
                0x080036e0                usb_cdcacm_data_available
 .text.usb_cdcacm_peek
                0x080036f8       0x38 C:\Users\tarok\AppData\Local\arduino\cores\7dc5168c32a67afc518d931fa80be241\core.a(usb_cdcacm.c.o)
                0x080036f8                usb_cdcacm_peek
 .text.usb_cdcacm_rx
                0x08003730       0x34 C:\Users\tarok\AppData\Local\arduino\cores\7dc5168c32a67afc518d931fa80be241\core.a(usb_cdcacm.c.o)
                0x08003730                usb_cdcacm_rx
 .text.usb_cdcacm_peek_ex
                0x08003764       0x3c C:\Users\tarok\AppData\Local\arduino\cores\7dc5168c32a67afc518d931fa80be241\core.a(usb_cdcacm.c.o)
                0x08003764                usb_cdcacm_peek_ex
 .text.usb_cdcacm_get_dtr
                0x080037a0       0x10 C:\Users\tarok\AppData\Local\arduino\cores\7dc5168c32a67afc518d931fa80be241\core.a(usb_cdcacm.c.o)
                0x080037a0                usb_cdcacm_get_dtr
 .text.usb_set_ep_rx_count
                0x080037b0       0x4c C:\Users\tarok\AppData\Local\arduino\cores\7dc5168c32a67afc518d931fa80be241\core.a(usb_reg_map.c.o)
                0x080037b0                usb_set_ep_rx_count
 .text.Standard_GetConfiguration
                0x080037fc       0x24 C:\Users\tarok\AppData\Local\arduino\cores\7dc5168c32a67afc518d931fa80be241\core.a(usb_core.c.o)
                0x080037fc                Standard_GetConfiguration
 .text.Standard_GetInterface
                0x08003820       0x24 C:\Users\tarok\AppData\Local\arduino\cores\7dc5168c32a67afc518d931fa80be241\core.a(usb_core.c.o)
                0x08003820                Standard_GetInterface
 .text.Standard_GetStatus
                0x08003844       0x90 C:\Users\tarok\AppData\Local\arduino\cores\7dc5168c32a67afc518d931fa80be241\core.a(usb_core.c.o)
                0x08003844                Standard_GetStatus
 .text.DataStageIn
                0x080038d4       0xa8 C:\Users\tarok\AppData\Local\arduino\cores\7dc5168c32a67afc518d931fa80be241\core.a(usb_core.c.o)
 .text.Standard_SetConfiguration
                0x0800397c       0x38 C:\Users\tarok\AppData\Local\arduino\cores\7dc5168c32a67afc518d931fa80be241\core.a(usb_core.c.o)
                0x0800397c                Standard_SetConfiguration
 .text.Standard_SetInterface
                0x080039b4       0x48 C:\Users\tarok\AppData\Local\arduino\cores\7dc5168c32a67afc518d931fa80be241\core.a(usb_core.c.o)
                0x080039b4                Standard_SetInterface
 .text.Standard_ClearFeature
                0x080039fc       0xd0 C:\Users\tarok\AppData\Local\arduino\cores\7dc5168c32a67afc518d931fa80be241\core.a(usb_core.c.o)
                0x080039fc                Standard_ClearFeature
 .text.Standard_SetEndPointFeature
                0x08003acc       0x84 C:\Users\tarok\AppData\Local\arduino\cores\7dc5168c32a67afc518d931fa80be241\core.a(usb_core.c.o)
                0x08003acc                Standard_SetEndPointFeature
 .text.Standard_SetDeviceFeature
                0x08003b50       0x24 C:\Users\tarok\AppData\Local\arduino\cores\7dc5168c32a67afc518d931fa80be241\core.a(usb_core.c.o)
                0x08003b50                Standard_SetDeviceFeature
 .text.Standard_GetDescriptorData
                0x08003b74       0x1c C:\Users\tarok\AppData\Local\arduino\cores\7dc5168c32a67afc518d931fa80be241\core.a(usb_core.c.o)
                0x08003b74                Standard_GetDescriptorData
 .text.Post0_Process
                0x08003b90       0x40 C:\Users\tarok\AppData\Local\arduino\cores\7dc5168c32a67afc518d931fa80be241\core.a(usb_core.c.o)
                0x08003b90                Post0_Process
 .text.Setup0_Process
                0x08003bd0      0x2d0 C:\Users\tarok\AppData\Local\arduino\cores\7dc5168c32a67afc518d931fa80be241\core.a(usb_core.c.o)
                0x08003bd0                Setup0_Process
 .text.Out0_Process
                0x08003ea0       0xc8 C:\Users\tarok\AppData\Local\arduino\cores\7dc5168c32a67afc518d931fa80be241\core.a(usb_core.c.o)
                0x08003ea0                Out0_Process
 .text.SetDeviceAddress
                0x08003f68       0x38 C:\Users\tarok\AppData\Local\arduino\cores\7dc5168c32a67afc518d931fa80be241\core.a(usb_core.c.o)
                0x08003f68                SetDeviceAddress
 .text.In0_Process
                0x08003fa0       0x5c C:\Users\tarok\AppData\Local\arduino\cores\7dc5168c32a67afc518d931fa80be241\core.a(usb_core.c.o)
                0x08003fa0                In0_Process
 .text.NOP_Process
                0x08003ffc        0x2 C:\Users\tarok\AppData\Local\arduino\cores\7dc5168c32a67afc518d931fa80be241\core.a(usb_core.c.o)
                0x08003ffc                NOP_Process
 .text.UserToPMABufferCopy
                0x08003ffe       0x30 C:\Users\tarok\AppData\Local\arduino\cores\7dc5168c32a67afc518d931fa80be241\core.a(usb_mem.c.o)
                0x08003ffe                UserToPMABufferCopy
 .text.PMAToUserBufferCopy
                0x0800402e       0x32 C:\Users\tarok\AppData\Local\arduino\cores\7dc5168c32a67afc518d931fa80be241\core.a(usb_mem.c.o)
                0x0800402e                PMAToUserBufferCopy
 .text.SetEPTxStatus
                0x08004060       0x2a C:\Users\tarok\AppData\Local\arduino\cores\7dc5168c32a67afc518d931fa80be241\core.a(usb_regs.c.o)
                0x08004060                SetEPTxStatus
 .text.ClearDTOG_RX
                0x0800408a       0x20 C:\Users\tarok\AppData\Local\arduino\cores\7dc5168c32a67afc518d931fa80be241\core.a(usb_regs.c.o)
                0x0800408a                ClearDTOG_RX
 .text.ClearDTOG_TX
                0x080040aa       0x20 C:\Users\tarok\AppData\Local\arduino\cores\7dc5168c32a67afc518d931fa80be241\core.a(usb_regs.c.o)
                0x080040aa                ClearDTOG_TX
 *fill*         0x080040ca        0x2 
 .text.GetEPTxAddr
                0x080040cc       0x1c C:\Users\tarok\AppData\Local\arduino\cores\7dc5168c32a67afc518d931fa80be241\core.a(usb_regs.c.o)
                0x080040cc                GetEPTxAddr
 .text.GetEPRxAddr
                0x080040e8       0x1c C:\Users\tarok\AppData\Local\arduino\cores\7dc5168c32a67afc518d931fa80be241\core.a(usb_regs.c.o)
                0x080040e8                GetEPRxAddr
 .text.SetEPTxCount
                0x08004104       0x1c C:\Users\tarok\AppData\Local\arduino\cores\7dc5168c32a67afc518d931fa80be241\core.a(usb_regs.c.o)
                0x08004104                SetEPTxCount
 .text.SetEPRxCount
                0x08004120       0x40 C:\Users\tarok\AppData\Local\arduino\cores\7dc5168c32a67afc518d931fa80be241\core.a(usb_regs.c.o)
                0x08004120                SetEPRxCount
 .text.throb    0x08004160       0x4c C:\Users\tarok\AppData\Local\arduino\cores\7dc5168c32a67afc518d931fa80be241\core.a(util.c.o)
                0x08004160                throb
 .text.__error  0x080041ac       0x14 C:\Users\tarok\AppData\Local\arduino\cores\7dc5168c32a67afc518d931fa80be241\core.a(util.c.o)
                0x080041ac                __error
 .text.startup._Z7premainv
                0x080041c0        0x4 C:\Users\tarok\AppData\Local\arduino\cores\7dc5168c32a67afc518d931fa80be241\core.a(main.cpp.o)
                0x080041c0                premain()
 .text.startup.main
                0x080041c4        0xc C:\Users\tarok\AppData\Local\arduino\cores\7dc5168c32a67afc518d931fa80be241\core.a(main.cpp.o)
                0x080041c4                main
 .text._Z17disableDebugPortsv
                0x080041d0       0x14 C:\Users\tarok\AppData\Local\arduino\cores\7dc5168c32a67afc518d931fa80be241\core.a(wirish_debug.cpp.o)
                0x080041d0                disableDebugPorts()
 .text._Z7pinModeh13WiringPinMode
                0x080041e4       0x84 C:\Users\tarok\AppData\Local\arduino\cores\7dc5168c32a67afc518d931fa80be241\core.a(wirish_digital_f1.cpp.o)
                0x080041e4                pinMode(unsigned char, WiringPinMode)
 .text._ZN9USBSerial9availableEv
                0x08004268        0x4 C:\Users\tarok\AppData\Local\arduino\cores\7dc5168c32a67afc518d931fa80be241\core.a(usb_serial.cpp.o)
                0x08004268                USBSerial::available()
 .text._ZN9USBSerial4peekEv
                0x0800426c       0x1e C:\Users\tarok\AppData\Local\arduino\cores\7dc5168c32a67afc518d931fa80be241\core.a(usb_serial.cpp.o)
                0x0800426c                USBSerial::peek()
 .text._ZN9USBSerial4readEv
                0x0800428a       0x1e C:\Users\tarok\AppData\Local\arduino\cores\7dc5168c32a67afc518d931fa80be241\core.a(usb_serial.cpp.o)
                0x0800428a                USBSerial::read()
 .text._ZL14ifaceSetupHookjPv
                0x080042a8       0x38 C:\Users\tarok\AppData\Local\arduino\cores\7dc5168c32a67afc518d931fa80be241\core.a(usb_serial.cpp.o)
 .text._ZL6rxHookjPv
                0x080042e0       0x6c C:\Users\tarok\AppData\Local\arduino\cores\7dc5168c32a67afc518d931fa80be241\core.a(usb_serial.cpp.o)
 .text._ZN9USBSerialC2Ev
                0x0800434c       0x14 C:\Users\tarok\AppData\Local\arduino\cores\7dc5168c32a67afc518d931fa80be241\core.a(usb_serial.cpp.o)
                0x0800434c                USBSerial::USBSerial()
                0x0800434c                USBSerial::USBSerial()
 .text._ZN9USBSerial5beginEv
                0x08004360       0x34 C:\Users\tarok\AppData\Local\arduino\cores\7dc5168c32a67afc518d931fa80be241\core.a(usb_serial.cpp.o)
                0x08004360                USBSerial::begin()
 .text._ZN9USBSerial5writeEPKhm
                0x08004394       0x4c C:\Users\tarok\AppData\Local\arduino\cores\7dc5168c32a67afc518d931fa80be241\core.a(usb_serial.cpp.o)
                0x08004394                USBSerial::write(unsigned char const*, unsigned long)
 .text._ZN9USBSerial5writeEh
                0x080043e0       0x16 C:\Users\tarok\AppData\Local\arduino\cores\7dc5168c32a67afc518d931fa80be241\core.a(usb_serial.cpp.o)
                0x080043e0                USBSerial::write(unsigned char)
 .text._ZN9USBSerial5writeEPKc
                0x080043f6       0x1a C:\Users\tarok\AppData\Local\arduino\cores\7dc5168c32a67afc518d931fa80be241\core.a(usb_serial.cpp.o)
                0x080043f6                USBSerial::write(char const*)
 .text._ZN9USBSerial4readEPhm
                0x08004410       0x1c C:\Users\tarok\AppData\Local\arduino\cores\7dc5168c32a67afc518d931fa80be241\core.a(usb_serial.cpp.o)
                0x08004410                USBSerial::read(unsigned char*, unsigned long)
 .text._ZN9USBSerial5flushEv
                0x0800442c       0x1c C:\Users\tarok\AppData\Local\arduino\cores\7dc5168c32a67afc518d931fa80be241\core.a(usb_serial.cpp.o)
                0x0800442c                USBSerial::flush()
 .text.startup._GLOBAL__sub_I__ZN9USBSerial9_hasBegunE
                0x08004448        0xc C:\Users\tarok\AppData\Local\arduino\cores\7dc5168c32a67afc518d931fa80be241\core.a(usb_serial.cpp.o)
 .text._Z12digitalWritehh
                0x08004454       0x2c C:\Users\tarok\AppData\Local\arduino\cores\7dc5168c32a67afc518d931fa80be241\core.a(wirish_digital.cpp.o)
                0x08004454                digitalWrite(unsigned char, unsigned char)
 .text.micros   0x08004480       0x34 C:\Users\tarok\AppData\Local\arduino\cores\7dc5168c32a67afc518d931fa80be241\core.a(wirish_time.cpp.o)
 .text.delay    0x080044b4       0x2a C:\Users\tarok\AppData\Local\arduino\cores\7dc5168c32a67afc518d931fa80be241\core.a(wirish_time.cpp.o)
                0x080044b4                delay
 .text.__empty  0x080044de        0x2 C:\Users\tarok\AppData\Local\arduino\cores\7dc5168c32a67afc518d931fa80be241\core.a(hooks.c.o)
                0x080044de                yield
 .text.bkp_init
                0x080044e0       0x18 C:\Users\tarok\AppData\Local\arduino\cores\7dc5168c32a67afc518d931fa80be241\core.a(bkp_f1.c.o)
                0x080044e0                bkp_init
 .text.bkp_enable_writes
                0x080044f8        0xc C:\Users\tarok\AppData\Local\arduino\cores\7dc5168c32a67afc518d931fa80be241\core.a(bkp_f1.c.o)
                0x080044f8                bkp_enable_writes
 .text.bkp_disable_writes
                0x08004504        0xc C:\Users\tarok\AppData\Local\arduino\cores\7dc5168c32a67afc518d931fa80be241\core.a(bkp_f1.c.o)
                0x08004504                bkp_disable_writes
 .text.bkp_write
                0x08004510       0x16 C:\Users\tarok\AppData\Local\arduino\cores\7dc5168c32a67afc518d931fa80be241\core.a(bkp_f1.c.o)
                0x08004510                bkp_write
 .text.gpio_init
                0x08004526       0x14 C:\Users\tarok\AppData\Local\arduino\cores\7dc5168c32a67afc518d931fa80be241\core.a(gpio.c.o)
                0x08004526                gpio_init
 .text.i2c_disable_irq
                0x0800453a        0xc C:\Users\tarok\AppData\Local\arduino\cores\7dc5168c32a67afc518d931fa80be241\core.a(i2c.c.o)
 *fill*         0x08004546        0x2 
 .text._i2c_irq_handler
                0x08004548      0x3d8 C:\Users\tarok\AppData\Local\arduino\cores\7dc5168c32a67afc518d931fa80be241\core.a(i2c.c.o)
                0x08004548                _i2c_irq_handler
 .text._i2c_irq_error_handler
                0x08004920       0x74 C:\Users\tarok\AppData\Local\arduino\cores\7dc5168c32a67afc518d931fa80be241\core.a(i2c.c.o)
                0x08004920                _i2c_irq_error_handler
 .text.__libc_init_array
                0x08004994       0x4c c:/users/tarok/appdata/local/arduino15/packages/arduino/tools/arm-none-eabi-gcc/4.8.3-2014q1/bin/../lib/gcc/arm-none-eabi/4.8.3/../../../../arm-none-eabi/lib/armv7-m\libc_s.a(lib_a-init.o)
                0x08004994                __libc_init_array
 .text.strlen   0x080049e0       0x10 c:/users/tarok/appdata/local/arduino15/packages/arduino/tools/arm-none-eabi-gcc/4.8.3-2014q1/bin/../lib/gcc/arm-none-eabi/4.8.3/../../../../arm-none-eabi/lib/armv7-m\libc_s.a(lib_a-strlen.o)
                0x080049e0                strlen
 *(.plt)
 *(.gnu.warning)
 *(.glue_7t)
 .glue_7t       0x00000000        0x0 linker stubs
 *(.glue_7)
 .glue_7        0x00000000        0x0 linker stubs
 *(.vfp11_veneer)
 .vfp11_veneer  0x00000000        0x0 linker stubs
 *(.ARM.extab* .gnu.linkonce.armextab.*)
 *(.gcc_except_table)
 *(.eh_frame_hdr)
 *(.eh_frame)
 .eh_frame      0x080049f0        0x0 c:/users/tarok/appdata/local/arduino15/packages/arduino/tools/arm-none-eabi-gcc/4.8.3-2014q1/bin/../lib/gcc/arm-none-eabi/4.8.3/armv7-m/crtbegin.o
                0x080049f0                . = ALIGN (0x4)
 *(.init)
 .init          0x080049f0        0x4 c:/users/tarok/appdata/local/arduino15/packages/arduino/tools/arm-none-eabi-gcc/4.8.3-2014q1/bin/../lib/gcc/arm-none-eabi/4.8.3/armv7-m/crti.o
                0x080049f0                _init
 .init          0x080049f4        0x8 c:/users/tarok/appdata/local/arduino15/packages/arduino/tools/arm-none-eabi-gcc/4.8.3-2014q1/bin/../lib/gcc/arm-none-eabi/4.8.3/armv7-m/crtn.o
                0x080049fc                . = ALIGN (0x4)
                0x080049fc                __preinit_array_start = .
 *(.preinit_array)
                0x080049fc                __preinit_array_end = .
                0x080049fc                . = ALIGN (0x4)
                0x080049fc                __init_array_start = .
 *(SORT(.init_array.*))
 .init_array.00101
                0x080049fc        0x4 C:\Users\tarok\AppData\Local\arduino\cores\7dc5168c32a67afc518d931fa80be241\core.a(main.cpp.o)
 *(.init_array)
 .init_array    0x08004a00        0x4 c:/users/tarok/appdata/local/arduino15/packages/arduino/tools/arm-none-eabi-gcc/4.8.3-2014q1/bin/../lib/gcc/arm-none-eabi/4.8.3/armv7-m/crtbegin.o
 .init_array    0x08004a04        0x4 C:\Users\tarok\AppData\Local\arduino\sketches\0463A8B10F42AF3897D07ED6C9E02B45\core\board.cpp.o
 .init_array    0x08004a08        0x4 C:\Users\tarok\AppData\Local\arduino\cores\7dc5168c32a67afc518d931fa80be241\core.a(usb_serial.cpp.o)
                0x08004a0c                __init_array_end = .
                0x08004a0c                . = ALIGN (0x4)
 *crtbegin.o(.ctors)
 *(EXCLUDE_FILE(*crtend.o) .ctors)
 *(SORT(.ctors.*))
 *crtend.o(.ctors)
                0x08004a0c                . = ALIGN (0x4)
 *(.fini)
 .fini          0x08004a0c        0x4 c:/users/tarok/appdata/local/arduino15/packages/arduino/tools/arm-none-eabi-gcc/4.8.3-2014q1/bin/../lib/gcc/arm-none-eabi/4.8.3/armv7-m/crti.o
                0x08004a0c                _fini
 .fini          0x08004a10        0x8 c:/users/tarok/appdata/local/arduino15/packages/arduino/tools/arm-none-eabi-gcc/4.8.3-2014q1/bin/../lib/gcc/arm-none-eabi/4.8.3/armv7-m/crtn.o
                0x08004a18                . = ALIGN (0x4)
                0x08004a18                __fini_array_start = .
 *(.fini_array)
 .fini_array    0x08004a18        0x4 c:/users/tarok/appdata/local/arduino15/packages/arduino/tools/arm-none-eabi-gcc/4.8.3-2014q1/bin/../lib/gcc/arm-none-eabi/4.8.3/armv7-m/crtbegin.o
 *(SORT(.fini_array.*))
                0x08004a1c                __fini_array_end = .
 *crtbegin.o(.dtors)
 *(EXCLUDE_FILE(*crtend.o) .dtors)
 *(SORT(.dtors.*))
 *crtend.o(.dtors)

.v4_bx          0x08004a1c        0x0
 .v4_bx         0x00000000        0x0 linker stubs

.iplt           0x08004a1c        0x0
 .iplt          0x00000000        0x0 c:/users/tarok/appdata/local/arduino15/packages/arduino/tools/arm-none-eabi-gcc/4.8.3-2014q1/bin/../lib/gcc/arm-none-eabi/4.8.3/armv7-m/crtbegin.o

.text.align     0x08004a1c        0x4
                0x08004a20                . = ALIGN (0x8)
 *fill*         0x08004a1c        0x4 
                0x08004a20                __text_end__ = .
                0x08004a20                __exidx_start = .

.ARM.exidx      0x08004a20        0x8
 *(.ARM.exidx* .gnu.linkonce.armexidx.*)
 .ARM.exidx     0x08004a20        0x8 C:\Users\tarok\AppData\Local\arduino\sketches\0463A8B10F42AF3897D07ED6C9E02B45\core\wirish\start.S.o
                0x08004a28                __exidx_end = .

.data           0x20000000      0x468 load address 0x08004a28
                0x20000000                __data_start__ = .
                0x20000000        0x4 LONG 0x0
                0x20000008                . = ALIGN (0x8)
 *fill*         0x20000004        0x4 
 *(.got.plt)
 *(.got)
 *(.data .data.* .gnu.linkonce.d.*)
 .data._ZN6wirish4privL8pll_dataE
                0x20000008        0x4 C:\Users\tarok\AppData\Local\arduino\sketches\0463A8B10F42AF3897D07ED6C9E02B45\core\wirish\boards_setup.cpp.o
 .data._ZN6wirish4priv9w_adc_smpE
                0x2000000c        0x1 C:\Users\tarok\AppData\Local\arduino\sketches\0463A8B10F42AF3897D07ED6C9E02B45\core\wirish\boards_setup.cpp.o
                0x2000000c                wirish::priv::w_adc_smp
 *fill*         0x2000000d        0x1 
 .data._ZN6wirish4priv9w_adc_preE
                0x2000000e        0x2 C:\Users\tarok\AppData\Local\arduino\sketches\0463A8B10F42AF3897D07ED6C9E02B45\core\wirish\boards_setup.cpp.o
                0x2000000e                wirish::priv::w_adc_pre
 .data._ZN6wirish4priv15w_board_pll_cfgE
                0x20000010        0x8 C:\Users\tarok\AppData\Local\arduino\sketches\0463A8B10F42AF3897D07ED6C9E02B45\core\wirish\boards_setup.cpp.o
                0x20000010                wirish::priv::w_board_pll_cfg
 .data.adc2     0x20000018        0x8 C:\Users\tarok\AppData\Local\arduino\cores\7dc5168c32a67afc518d931fa80be241\core.a(adc_f1.c.o)
                0x20000018                adc2
 .data.adc1     0x20000020       0x18 C:\Users\tarok\AppData\Local\arduino\cores\7dc5168c32a67afc518d931fa80be241\core.a(adc_f1.c.o)
                0x20000020                adc1
 .data.ADC2     0x20000038        0x4 C:\Users\tarok\AppData\Local\arduino\cores\7dc5168c32a67afc518d931fa80be241\core.a(adc_f1.c.o)
                0x20000038                ADC2
 .data.ADC1     0x2000003c        0x4 C:\Users\tarok\AppData\Local\arduino\cores\7dc5168c32a67afc518d931fa80be241\core.a(adc_f1.c.o)
                0x2000003c                ADC1
 .data.dma1     0x20000040       0x40 C:\Users\tarok\AppData\Local\arduino\cores\7dc5168c32a67afc518d931fa80be241\core.a(dma_f1.c.o)
 .data.DMA1     0x20000080        0x4 C:\Users\tarok\AppData\Local\arduino\cores\7dc5168c32a67afc518d931fa80be241\core.a(dma_f1.c.o)
                0x20000080                DMA1
 .data.gpioa    0x20000084        0x8 C:\Users\tarok\AppData\Local\arduino\cores\7dc5168c32a67afc518d931fa80be241\core.a(gpio_f1.c.o)
                0x20000084                gpioa
 .data.gpiob    0x2000008c        0x8 C:\Users\tarok\AppData\Local\arduino\cores\7dc5168c32a67afc518d931fa80be241\core.a(gpio_f1.c.o)
                0x2000008c                gpiob
 .data.gpioc    0x20000094        0x8 C:\Users\tarok\AppData\Local\arduino\cores\7dc5168c32a67afc518d931fa80be241\core.a(gpio_f1.c.o)
                0x20000094                gpioc
 .data.gpiod    0x2000009c        0x8 C:\Users\tarok\AppData\Local\arduino\cores\7dc5168c32a67afc518d931fa80be241\core.a(gpio_f1.c.o)
                0x2000009c                gpiod
 .data.i2c1     0x200000a4       0x38 C:\Users\tarok\AppData\Local\arduino\cores\7dc5168c32a67afc518d931fa80be241\core.a(i2c_f1.c.o)
 .data.i2c2     0x200000dc       0x38 C:\Users\tarok\AppData\Local\arduino\cores\7dc5168c32a67afc518d931fa80be241\core.a(i2c_f1.c.o)
 .data.enable_regs.4411
                0x20000114        0xc C:\Users\tarok\AppData\Local\arduino\cores\7dc5168c32a67afc518d931fa80be241\core.a(rcc_f1.c.o)
 .data.reset_regs.4415
                0x20000120        0x8 C:\Users\tarok\AppData\Local\arduino\cores\7dc5168c32a67afc518d931fa80be241\core.a(rcc_f1.c.o)
 .data.enable_regs.4424
                0x20000128        0xc C:\Users\tarok\AppData\Local\arduino\cores\7dc5168c32a67afc518d931fa80be241\core.a(rcc_f1.c.o)
 .data.timer3   0x20000134       0x24 C:\Users\tarok\AppData\Local\arduino\cores\7dc5168c32a67afc518d931fa80be241\core.a(timer.c.o)
                0x20000134                timer3
 .data.timer4   0x20000158       0x24 C:\Users\tarok\AppData\Local\arduino\cores\7dc5168c32a67afc518d931fa80be241\core.a(timer.c.o)
                0x20000158                timer4
 .data.timer1   0x2000017c       0x28 C:\Users\tarok\AppData\Local\arduino\cores\7dc5168c32a67afc518d931fa80be241\core.a(timer.c.o)
                0x2000017c                timer1
 .data.timer2   0x200001a4       0x24 C:\Users\tarok\AppData\Local\arduino\cores\7dc5168c32a67afc518d931fa80be241\core.a(timer.c.o)
                0x200001a4                timer2
 .data.USART1   0x200001c8        0x4 C:\Users\tarok\AppData\Local\arduino\cores\7dc5168c32a67afc518d931fa80be241\core.a(usart_f1.c.o)
                0x200001c8                USART1
 .data.USART2   0x200001cc        0x4 C:\Users\tarok\AppData\Local\arduino\cores\7dc5168c32a67afc518d931fa80be241\core.a(usart_f1.c.o)
                0x200001cc                USART2
 .data.USART3   0x200001d0        0x4 C:\Users\tarok\AppData\Local\arduino\cores\7dc5168c32a67afc518d931fa80be241\core.a(usart_f1.c.o)
                0x200001d0                USART3
 .data.usart1   0x200001d4       0x94 C:\Users\tarok\AppData\Local\arduino\cores\7dc5168c32a67afc518d931fa80be241\core.a(usart_f1.c.o)
 .data.usart2   0x20000268       0x94 C:\Users\tarok\AppData\Local\arduino\cores\7dc5168c32a67afc518d931fa80be241\core.a(usart_f1.c.o)
 .data.usart3   0x200002fc       0x94 C:\Users\tarok\AppData\Local\arduino\cores\7dc5168c32a67afc518d931fa80be241\core.a(usart_f1.c.o)
 .data.USBLIB   0x20000390        0x4 C:\Users\tarok\AppData\Local\arduino\cores\7dc5168c32a67afc518d931fa80be241\core.a(usb.c.o)
                0x20000390                USBLIB
 .data.usblib   0x20000394       0x10 C:\Users\tarok\AppData\Local\arduino\cores\7dc5168c32a67afc518d931fa80be241\core.a(usb.c.o)
 .data.Config_Descriptor
                0x200003a4        0x8 C:\Users\tarok\AppData\Local\arduino\cores\7dc5168c32a67afc518d931fa80be241\core.a(usb_cdcacm.c.o)
 .data.Device_Property
                0x200003ac       0x30 C:\Users\tarok\AppData\Local\arduino\cores\7dc5168c32a67afc518d931fa80be241\core.a(usb_cdcacm.c.o)
                0x200003ac                Device_Property
 .data.ep_int_in
                0x200003dc       0x1c C:\Users\tarok\AppData\Local\arduino\cores\7dc5168c32a67afc518d931fa80be241\core.a(usb_cdcacm.c.o)
 .data.String_Descriptor
                0x200003f8       0x18 C:\Users\tarok\AppData\Local\arduino\cores\7dc5168c32a67afc518d931fa80be241\core.a(usb_cdcacm.c.o)
 .data.ep_int_out
                0x20000410       0x1c C:\Users\tarok\AppData\Local\arduino\cores\7dc5168c32a67afc518d931fa80be241\core.a(usb_cdcacm.c.o)
 .data.line_coding
                0x2000042c        0x7 C:\Users\tarok\AppData\Local\arduino\cores\7dc5168c32a67afc518d931fa80be241\core.a(usb_cdcacm.c.o)
 *fill*         0x20000433        0x1 
 .data.User_Standard_Requests
                0x20000434       0x24 C:\Users\tarok\AppData\Local\arduino\cores\7dc5168c32a67afc518d931fa80be241\core.a(usb_cdcacm.c.o)
                0x20000434                User_Standard_Requests
 .data.Device_Descriptor
                0x20000458        0x8 C:\Users\tarok\AppData\Local\arduino\cores\7dc5168c32a67afc518d931fa80be241\core.a(usb_cdcacm.c.o)
 .data.Device_Table
                0x20000460        0x2 C:\Users\tarok\AppData\Local\arduino\cores\7dc5168c32a67afc518d931fa80be241\core.a(usb_cdcacm.c.o)
                0x20000460                Device_Table
                0x20000468                . = ALIGN (0x8)
 *fill*         0x20000462        0x6 
                0x20000468                __data_end__ = .

.jcr            0x20000468        0x0 load address 0x08004e90
 .jcr           0x20000468        0x0 c:/users/tarok/appdata/local/arduino15/packages/arduino/tools/arm-none-eabi-gcc/4.8.3-2014q1/bin/../lib/gcc/arm-none-eabi/4.8.3/armv7-m/crtbegin.o

.igot.plt       0x20000468        0x0 load address 0x08004e90
 .igot.plt      0x00000000        0x0 c:/users/tarok/appdata/local/arduino15/packages/arduino/tools/arm-none-eabi-gcc/4.8.3-2014q1/bin/../lib/gcc/arm-none-eabi/4.8.3/armv7-m/crtbegin.o

.rodata         0x08004e90      0x374
 *(.rodata .rodata.* .gnu.linkonce.r.*)
 .rodata.PIN_MAP
                0x08004e90      0x230 C:\Users\tarok\AppData\Local\arduino\sketches\0463A8B10F42AF3897D07ED6C9E02B45\core\board.cpp.o
                0x08004e90                PIN_MAP
 .rodata._ZTV14HardwareSerial
                0x080050c0       0x28 C:\Users\tarok\AppData\Local\arduino\cores\7dc5168c32a67afc518d931fa80be241\core.a(HardwareSerial.cpp.o)
                0x080050c0                vtable for HardwareSerial
 .rodata.GPIOC  0x080050e8        0x4 C:\Users\tarok\AppData\Local\arduino\cores\7dc5168c32a67afc518d931fa80be241\core.a(gpio_f1.c.o)
                0x080050e8                GPIOC
 .rodata.rcc_dev_table
                0x080050ec       0x5c C:\Users\tarok\AppData\Local\arduino\cores\7dc5168c32a67afc518d931fa80be241\core.a(rcc_f1.c.o)
                0x080050ec                rcc_dev_table
 .rodata.masks.4420
                0x08005148       0x14 C:\Users\tarok\AppData\Local\arduino\cores\7dc5168c32a67afc518d931fa80be241\core.a(rcc_f1.c.o)
 .rodata.usbVcomDescriptor_iProduct
                0x0800515c        0xc C:\Users\tarok\AppData\Local\arduino\cores\7dc5168c32a67afc518d931fa80be241\core.a(usb_cdcacm.c.o)
 .rodata.usbVcomDescriptor_iManufacturer
                0x08005168       0x12 C:\Users\tarok\AppData\Local\arduino\cores\7dc5168c32a67afc518d931fa80be241\core.a(usb_cdcacm.c.o)
 .rodata.usbVcomDescriptor_Device
                0x0800517a       0x12 C:\Users\tarok\AppData\Local\arduino\cores\7dc5168c32a67afc518d931fa80be241\core.a(usb_cdcacm.c.o)
 .rodata.usbVcomDescriptor_Config
                0x0800518c       0x43 C:\Users\tarok\AppData\Local\arduino\cores\7dc5168c32a67afc518d931fa80be241\core.a(usb_cdcacm.c.o)
 .rodata.usbVcomDescriptor_LangID
                0x080051cf        0x4 C:\Users\tarok\AppData\Local\arduino\cores\7dc5168c32a67afc518d931fa80be241\core.a(usb_cdcacm.c.o)
 *fill*         0x080051d3        0x5 
 .rodata._ZTV9USBSerial
                0x080051d8       0x28 C:\Users\tarok\AppData\Local\arduino\cores\7dc5168c32a67afc518d931fa80be241\core.a(usb_serial.cpp.o)
                0x080051d8                vtable for USBSerial
 *(.USER_FLASH)
                0x08005200                . = ALIGN (0x4)
                0x08005200                _lm_rom_img_cfgp = .
                0x08005200        0x4 LONG 0x8004a28 LOADADDR (.data)
                0x20000810                _lm_heap_start = DEFINED (_lm_heap_start)?_lm_heap_start:_end
                0x20005000                _lm_heap_end = DEFINED (_lm_heap_end)?_lm_heap_end:__msp_init

.rel.dyn        0x08005204        0x0
 .rel.iplt      0x00000000        0x0 c:/users/tarok/appdata/local/arduino15/packages/arduino/tools/arm-none-eabi-gcc/4.8.3-2014q1/bin/../lib/gcc/arm-none-eabi/4.8.3/armv7-m/crtbegin.o

.bss            0x20000468      0x3a8
                0x20000468                . = ALIGN (0x8)
                0x20000468                __bss_start__ = .
 *(.bss .bss.* .gnu.linkonce.b.*)
 .bss           0x20000468       0x1c c:/users/tarok/appdata/local/arduino15/packages/arduino/tools/arm-none-eabi-gcc/4.8.3-2014q1/bin/../lib/gcc/arm-none-eabi/4.8.3/armv7-m/crtbegin.o
 .bss.Serial1   0x20000484       0x18 C:\Users\tarok\AppData\Local\arduino\sketches\0463A8B10F42AF3897D07ED6C9E02B45\core\board.cpp.o
                0x20000484                Serial1
 .bss.Serial2   0x2000049c       0x18 C:\Users\tarok\AppData\Local\arduino\sketches\0463A8B10F42AF3897D07ED6C9E02B45\core\board.cpp.o
                0x2000049c                Serial2
 .bss.Serial3   0x200004b4       0x18 C:\Users\tarok\AppData\Local\arduino\sketches\0463A8B10F42AF3897D07ED6C9E02B45\core\board.cpp.o
                0x200004b4                Serial3
 .bss.exti_channels
                0x200004cc       0x80 C:\Users\tarok\AppData\Local\arduino\cores\7dc5168c32a67afc518d931fa80be241\core.a(exti.c.o)
                0x200004cc                exti_channels
 .bss.systick_user_callback
                0x2000054c        0x4 C:\Users\tarok\AppData\Local\arduino\cores\7dc5168c32a67afc518d931fa80be241\core.a(systick.c.o)
 .bss.usart1_wb
                0x20000550        0xc C:\Users\tarok\AppData\Local\arduino\cores\7dc5168c32a67afc518d931fa80be241\core.a(usart_f1.c.o)
 .bss.usart1_rb
                0x2000055c        0xc C:\Users\tarok\AppData\Local\arduino\cores\7dc5168c32a67afc518d931fa80be241\core.a(usart_f1.c.o)
 .bss.usart2_rb
                0x20000568        0xc C:\Users\tarok\AppData\Local\arduino\cores\7dc5168c32a67afc518d931fa80be241\core.a(usart_f1.c.o)
 .bss.usart3_rb
                0x20000574        0xc C:\Users\tarok\AppData\Local\arduino\cores\7dc5168c32a67afc518d931fa80be241\core.a(usart_f1.c.o)
 .bss.usart2_wb
                0x20000580        0xc C:\Users\tarok\AppData\Local\arduino\cores\7dc5168c32a67afc518d931fa80be241\core.a(usart_f1.c.o)
 .bss.usart3_wb
                0x2000058c        0xc C:\Users\tarok\AppData\Local\arduino\cores\7dc5168c32a67afc518d931fa80be241\core.a(usart_f1.c.o)
 .bss.line_dtr_rts
                0x20000598        0x1 C:\Users\tarok\AppData\Local\arduino\cores\7dc5168c32a67afc518d931fa80be241\core.a(usb_cdcacm.c.o)
 .bss.vcomBufferTx
                0x20000599      0x100 C:\Users\tarok\AppData\Local\arduino\cores\7dc5168c32a67afc518d931fa80be241\core.a(usb_cdcacm.c.o)
 *fill*         0x20000699        0x3 
 .bss.tx_head   0x2000069c        0x4 C:\Users\tarok\AppData\Local\arduino\cores\7dc5168c32a67afc518d931fa80be241\core.a(usb_cdcacm.c.o)
 .bss.rx_hook   0x200006a0        0x4 C:\Users\tarok\AppData\Local\arduino\cores\7dc5168c32a67afc518d931fa80be241\core.a(usb_cdcacm.c.o)
 .bss.vcomBufferRx
                0x200006a4      0x100 C:\Users\tarok\AppData\Local\arduino\cores\7dc5168c32a67afc518d931fa80be241\core.a(usb_cdcacm.c.o)
 .bss.transmitting
                0x200007a4        0x1 C:\Users\tarok\AppData\Local\arduino\cores\7dc5168c32a67afc518d931fa80be241\core.a(usb_cdcacm.c.o)
 *fill*         0x200007a5        0x3 
 .bss.rx_tail   0x200007a8        0x4 C:\Users\tarok\AppData\Local\arduino\cores\7dc5168c32a67afc518d931fa80be241\core.a(usb_cdcacm.c.o)
 .bss.iface_setup_hook
                0x200007ac        0x4 C:\Users\tarok\AppData\Local\arduino\cores\7dc5168c32a67afc518d931fa80be241\core.a(usb_cdcacm.c.o)
 .bss.rx_head   0x200007b0        0x4 C:\Users\tarok\AppData\Local\arduino\cores\7dc5168c32a67afc518d931fa80be241\core.a(usb_cdcacm.c.o)
 .bss.tx_tail   0x200007b4        0x4 C:\Users\tarok\AppData\Local\arduino\cores\7dc5168c32a67afc518d931fa80be241\core.a(usb_cdcacm.c.o)
 .bss.Data_Mul_MaxPacketSize
                0x200007b8        0x1 C:\Users\tarok\AppData\Local\arduino\cores\7dc5168c32a67afc518d931fa80be241\core.a(usb_core.c.o)
                0x200007b8                Data_Mul_MaxPacketSize
 .bss._ZN9USBSerial9_hasBegunE
                0x200007b9        0x1 C:\Users\tarok\AppData\Local\arduino\cores\7dc5168c32a67afc518d931fa80be241\core.a(usb_serial.cpp.o)
                0x200007b9                USBSerial::_hasBegun
 *fill*         0x200007ba        0x2 
 .bss.Serial    0x200007bc       0x10 C:\Users\tarok\AppData\Local\arduino\cores\7dc5168c32a67afc518d931fa80be241\core.a(usb_serial.cpp.o)
                0x200007bc                Serial
 .bss._ZL11reset_state
                0x200007cc        0x1 C:\Users\tarok\AppData\Local\arduino\cores\7dc5168c32a67afc518d931fa80be241\core.a(usb_serial.cpp.o)
 .bss._ZN9USBSerial11_isBlockingE
                0x200007cd        0x1 C:\Users\tarok\AppData\Local\arduino\cores\7dc5168c32a67afc518d931fa80be241\core.a(usb_serial.cpp.o)
                0x200007cd                USBSerial::_isBlocking
 *(COMMON)
 *fill*         0x200007ce        0x2 
 COMMON         0x200007d0        0x4 C:\Users\tarok\AppData\Local\arduino\cores\7dc5168c32a67afc518d931fa80be241\core.a(systick.c.o)
                0x200007d0                systick_uptime_millis
 COMMON         0x200007d4        0x6 C:\Users\tarok\AppData\Local\arduino\cores\7dc5168c32a67afc518d931fa80be241\core.a(usb.c.o)
                0x200007d4                SaveRState
                0x200007d6                SaveTState
                0x200007d8                ResumeS
 COMMON         0x200007da        0x2 C:\Users\tarok\AppData\Local\arduino\cores\7dc5168c32a67afc518d931fa80be241\core.a(usb_core.c.o)
                0x200007da                StatusInfo
 COMMON         0x200007dc       0x32 C:\Users\tarok\AppData\Local\arduino\cores\7dc5168c32a67afc518d931fa80be241\core.a(usb_init.c.o)
                0x200007dc                SaveState
                0x200007e0                pProperty
                0x200007e4                EPindex
                0x200007e8                Device_Info
                0x20000804                pUser_Standard_Requests
                0x20000808                pInformation
                0x2000080c                wInterrupt_Mask
                0x20000810                . = ALIGN (0x8)
 *fill*         0x2000080e        0x2 
                0x20000810                __bss_end__ = .
                0x20000810                _end = __bss_end__

.stab
 *(.stab)

.stabstr
 *(.stabstr)

.debug
 *(.debug)

.line
 *(.line)

.debug_srcinfo
 *(.debug_srcinfo)

.debug_sfnames
 *(.debug_sfnames)

.debug_aranges  0x00000000      0xff8
 *(.debug_aranges)
 .debug_aranges
                0x00000000       0x28 C:\Users\tarok\AppData\Local\arduino\sketches\0463A8B10F42AF3897D07ED6C9E02B45\sketch\sketch_may9b.ino.cpp.o
 .debug_aranges
                0x00000028       0x28 C:\Users\tarok\AppData\Local\arduino\sketches\0463A8B10F42AF3897D07ED6C9E02B45\core\board.cpp.o
 .debug_aranges
                0x00000050       0x40 C:\Users\tarok\AppData\Local\arduino\sketches\0463A8B10F42AF3897D07ED6C9E02B45\core\wirish\boards.cpp.o
 .debug_aranges
                0x00000090       0x40 C:\Users\tarok\AppData\Local\arduino\sketches\0463A8B10F42AF3897D07ED6C9E02B45\core\wirish\boards_setup.cpp.o
 .debug_aranges
                0x000000d0       0x20 C:\Users\tarok\AppData\Local\arduino\sketches\0463A8B10F42AF3897D07ED6C9E02B45\core\wirish\start.S.o
 .debug_aranges
                0x000000f0       0x20 C:\Users\tarok\AppData\Local\arduino\sketches\0463A8B10F42AF3897D07ED6C9E02B45\core\wirish\start_c.c.o
 .debug_aranges
                0x00000110       0x88 C:\Users\tarok\AppData\Local\arduino\sketches\0463A8B10F42AF3897D07ED6C9E02B45\core\wirish\syscalls.c.o
 .debug_aranges
                0x00000198       0x70 C:\Users\tarok\AppData\Local\arduino\cores\7dc5168c32a67afc518d931fa80be241\core.a(HardwareSerial.cpp.o)
 .debug_aranges
                0x00000208      0x110 C:\Users\tarok\AppData\Local\arduino\cores\7dc5168c32a67afc518d931fa80be241\core.a(Print.cpp.o)
 .debug_aranges
                0x00000318       0x28 C:\Users\tarok\AppData\Local\arduino\cores\7dc5168c32a67afc518d931fa80be241\core.a(cxxabi-compat.cpp.o)
 .debug_aranges
                0x00000340       0x38 C:\Users\tarok\AppData\Local\arduino\cores\7dc5168c32a67afc518d931fa80be241\core.a(adc.c.o)
 .debug_aranges
                0x00000378       0x58 C:\Users\tarok\AppData\Local\arduino\cores\7dc5168c32a67afc518d931fa80be241\core.a(adc_f1.c.o)
 .debug_aranges
                0x000003d0       0xb0 C:\Users\tarok\AppData\Local\arduino\cores\7dc5168c32a67afc518d931fa80be241\core.a(dma_f1.c.o)
 .debug_aranges
                0x00000480       0x20 C:\Users\tarok\AppData\Local\arduino\cores\7dc5168c32a67afc518d931fa80be241\core.a(exc.S.o)
 .debug_aranges
                0x000004a0       0x80 C:\Users\tarok\AppData\Local\arduino\cores\7dc5168c32a67afc518d931fa80be241\core.a(exti.c.o)
 .debug_aranges
                0x00000520       0x20 C:\Users\tarok\AppData\Local\arduino\cores\7dc5168c32a67afc518d931fa80be241\core.a(exti_f1.c.o)
 .debug_aranges
                0x00000540       0x20 C:\Users\tarok\AppData\Local\arduino\cores\7dc5168c32a67afc518d931fa80be241\core.a(flash.c.o)
 .debug_aranges
                0x00000560       0x48 C:\Users\tarok\AppData\Local\arduino\cores\7dc5168c32a67afc518d931fa80be241\core.a(gpio_f1.c.o)
 .debug_aranges
                0x000005a8       0x50 C:\Users\tarok\AppData\Local\arduino\cores\7dc5168c32a67afc518d931fa80be241\core.a(i2c_f1.c.o)
 .debug_aranges
                0x000005f8       0x38 C:\Users\tarok\AppData\Local\arduino\cores\7dc5168c32a67afc518d931fa80be241\core.a(nvic.c.o)
 .debug_aranges
                0x00000630       0x48 C:\Users\tarok\AppData\Local\arduino\cores\7dc5168c32a67afc518d931fa80be241\core.a(rcc.c.o)
 .debug_aranges
                0x00000678       0x48 C:\Users\tarok\AppData\Local\arduino\cores\7dc5168c32a67afc518d931fa80be241\core.a(rcc_f1.c.o)
 .debug_aranges
                0x000006c0       0x20 C:\Users\tarok\AppData\Local\arduino\cores\7dc5168c32a67afc518d931fa80be241\core.a(isrs.S.o)
 .debug_aranges
                0x000006e0       0x40 C:\Users\tarok\AppData\Local\arduino\cores\7dc5168c32a67afc518d931fa80be241\core.a(systick.c.o)
 .debug_aranges
                0x00000720       0xb0 C:\Users\tarok\AppData\Local\arduino\cores\7dc5168c32a67afc518d931fa80be241\core.a(timer.c.o)
 .debug_aranges
                0x000007d0       0x48 C:\Users\tarok\AppData\Local\arduino\cores\7dc5168c32a67afc518d931fa80be241\core.a(usart.c.o)
 .debug_aranges
                0x00000818       0x50 C:\Users\tarok\AppData\Local\arduino\cores\7dc5168c32a67afc518d931fa80be241\core.a(usart_f1.c.o)
 .debug_aranges
                0x00000868       0x20 C:\Users\tarok\AppData\Local\arduino\cores\7dc5168c32a67afc518d931fa80be241\core.a(usart_private.c.o)
 .debug_aranges
                0x00000888       0x38 C:\Users\tarok\AppData\Local\arduino\cores\7dc5168c32a67afc518d931fa80be241\core.a(usb.c.o)
 .debug_aranges
                0x000008c0      0x128 C:\Users\tarok\AppData\Local\arduino\cores\7dc5168c32a67afc518d931fa80be241\core.a(usb_cdcacm.c.o)
 .debug_aranges
                0x000009e8       0x20 C:\Users\tarok\AppData\Local\arduino\cores\7dc5168c32a67afc518d931fa80be241\core.a(usb_reg_map.c.o)
 .debug_aranges
                0x00000a08       0x98 C:\Users\tarok\AppData\Local\arduino\cores\7dc5168c32a67afc518d931fa80be241\core.a(usb_core.c.o)
 .debug_aranges
                0x00000aa0       0x20 C:\Users\tarok\AppData\Local\arduino\cores\7dc5168c32a67afc518d931fa80be241\core.a(usb_init.c.o)
 .debug_aranges
                0x00000ac0       0x28 C:\Users\tarok\AppData\Local\arduino\cores\7dc5168c32a67afc518d931fa80be241\core.a(usb_mem.c.o)
 .debug_aranges
                0x00000ae8      0x1f0 C:\Users\tarok\AppData\Local\arduino\cores\7dc5168c32a67afc518d931fa80be241\core.a(usb_regs.c.o)
 .debug_aranges
                0x00000cd8       0x50 C:\Users\tarok\AppData\Local\arduino\cores\7dc5168c32a67afc518d931fa80be241\core.a(util.c.o)
 .debug_aranges
                0x00000d28       0x28 C:\Users\tarok\AppData\Local\arduino\cores\7dc5168c32a67afc518d931fa80be241\core.a(main.cpp.o)
 .debug_aranges
                0x00000d50       0x28 C:\Users\tarok\AppData\Local\arduino\cores\7dc5168c32a67afc518d931fa80be241\core.a(wirish_debug.cpp.o)
 .debug_aranges
                0x00000d78       0x20 C:\Users\tarok\AppData\Local\arduino\cores\7dc5168c32a67afc518d931fa80be241\core.a(wirish_digital_f1.cpp.o)
 .debug_aranges
                0x00000d98       0xd8 C:\Users\tarok\AppData\Local\arduino\cores\7dc5168c32a67afc518d931fa80be241\core.a(usb_serial.cpp.o)
 .debug_aranges
                0x00000e70       0x28 C:\Users\tarok\AppData\Local\arduino\cores\7dc5168c32a67afc518d931fa80be241\core.a(wirish_digital.cpp.o)
 .debug_aranges
                0x00000e98       0x30 C:\Users\tarok\AppData\Local\arduino\cores\7dc5168c32a67afc518d931fa80be241\core.a(wirish_time.cpp.o)
 .debug_aranges
                0x00000ec8       0x20 C:\Users\tarok\AppData\Local\arduino\cores\7dc5168c32a67afc518d931fa80be241\core.a(hooks.c.o)
 .debug_aranges
                0x00000ee8       0x40 C:\Users\tarok\AppData\Local\arduino\cores\7dc5168c32a67afc518d931fa80be241\core.a(bkp_f1.c.o)
 .debug_aranges
                0x00000f28       0x28 C:\Users\tarok\AppData\Local\arduino\cores\7dc5168c32a67afc518d931fa80be241\core.a(dma.c.o)
 .debug_aranges
                0x00000f50       0x20 C:\Users\tarok\AppData\Local\arduino\cores\7dc5168c32a67afc518d931fa80be241\core.a(gpio.c.o)
 .debug_aranges
                0x00000f70       0x88 C:\Users\tarok\AppData\Local\arduino\cores\7dc5168c32a67afc518d931fa80be241\core.a(i2c.c.o)

.debug_pubnames
 *(.debug_pubnames)

.debug_info     0x00000000    0x2053c
 *(.debug_info .gnu.linkonce.wi.*)
 .debug_info    0x00000000      0x338 C:\Users\tarok\AppData\Local\arduino\sketches\0463A8B10F42AF3897D07ED6C9E02B45\sketch\sketch_may9b.ino.cpp.o
 .debug_info    0x00000338      0xf47 C:\Users\tarok\AppData\Local\arduino\sketches\0463A8B10F42AF3897D07ED6C9E02B45\core\board.cpp.o
 .debug_info    0x0000127f     0x142f C:\Users\tarok\AppData\Local\arduino\sketches\0463A8B10F42AF3897D07ED6C9E02B45\core\wirish\boards.cpp.o
 .debug_info    0x000026ae     0x10c5 C:\Users\tarok\AppData\Local\arduino\sketches\0463A8B10F42AF3897D07ED6C9E02B45\core\wirish\boards_setup.cpp.o
 .debug_info    0x00003773       0xdb C:\Users\tarok\AppData\Local\arduino\sketches\0463A8B10F42AF3897D07ED6C9E02B45\core\wirish\start.S.o
 .debug_info    0x0000384e      0x14d C:\Users\tarok\AppData\Local\arduino\sketches\0463A8B10F42AF3897D07ED6C9E02B45\core\wirish\start_c.c.o
 .debug_info    0x0000399b      0x5cd C:\Users\tarok\AppData\Local\arduino\sketches\0463A8B10F42AF3897D07ED6C9E02B45\core\wirish\syscalls.c.o
 .debug_info    0x00003f68     0x29ea C:\Users\tarok\AppData\Local\arduino\cores\7dc5168c32a67afc518d931fa80be241\core.a(HardwareSerial.cpp.o)
 .debug_info    0x00006952     0x258c C:\Users\tarok\AppData\Local\arduino\cores\7dc5168c32a67afc518d931fa80be241\core.a(Print.cpp.o)
 .debug_info    0x00008ede      0x526 C:\Users\tarok\AppData\Local\arduino\cores\7dc5168c32a67afc518d931fa80be241\core.a(cxxabi-compat.cpp.o)
 .debug_info    0x00009404      0x79a C:\Users\tarok\AppData\Local\arduino\cores\7dc5168c32a67afc518d931fa80be241\core.a(adc.c.o)
 .debug_info    0x00009b9e      0xe4a C:\Users\tarok\AppData\Local\arduino\cores\7dc5168c32a67afc518d931fa80be241\core.a(adc_f1.c.o)
 .debug_info    0x0000a9e8     0x18b1 C:\Users\tarok\AppData\Local\arduino\cores\7dc5168c32a67afc518d931fa80be241\core.a(dma_f1.c.o)
 .debug_info    0x0000c299       0xcb C:\Users\tarok\AppData\Local\arduino\cores\7dc5168c32a67afc518d931fa80be241\core.a(exc.S.o)
 .debug_info    0x0000c364      0xd3c C:\Users\tarok\AppData\Local\arduino\cores\7dc5168c32a67afc518d931fa80be241\core.a(exti.c.o)
 .debug_info    0x0000d0a0      0x213 C:\Users\tarok\AppData\Local\arduino\cores\7dc5168c32a67afc518d931fa80be241\core.a(exti_f1.c.o)
 .debug_info    0x0000d2b3      0x128 C:\Users\tarok\AppData\Local\arduino\cores\7dc5168c32a67afc518d931fa80be241\core.a(flash.c.o)
 .debug_info    0x0000d3db      0x715 C:\Users\tarok\AppData\Local\arduino\cores\7dc5168c32a67afc518d931fa80be241\core.a(gpio_f1.c.o)
 .debug_info    0x0000daf0      0xc25 C:\Users\tarok\AppData\Local\arduino\cores\7dc5168c32a67afc518d931fa80be241\core.a(i2c_f1.c.o)
 .debug_info    0x0000e715      0x5a2 C:\Users\tarok\AppData\Local\arduino\cores\7dc5168c32a67afc518d931fa80be241\core.a(nvic.c.o)
 .debug_info    0x0000ecb7      0x556 C:\Users\tarok\AppData\Local\arduino\cores\7dc5168c32a67afc518d931fa80be241\core.a(rcc.c.o)
 .debug_info    0x0000f20d      0xb64 C:\Users\tarok\AppData\Local\arduino\cores\7dc5168c32a67afc518d931fa80be241\core.a(rcc_f1.c.o)
 .debug_info    0x0000fd71       0xe0 C:\Users\tarok\AppData\Local\arduino\cores\7dc5168c32a67afc518d931fa80be241\core.a(isrs.S.o)
 .debug_info    0x0000fe51      0x182 C:\Users\tarok\AppData\Local\arduino\cores\7dc5168c32a67afc518d931fa80be241\core.a(systick.c.o)
 .debug_info    0x0000ffd3     0x197d C:\Users\tarok\AppData\Local\arduino\cores\7dc5168c32a67afc518d931fa80be241\core.a(timer.c.o)
 .debug_info    0x00011950      0xc32 C:\Users\tarok\AppData\Local\arduino\cores\7dc5168c32a67afc518d931fa80be241\core.a(usart.c.o)
 .debug_info    0x00012582      0xb89 C:\Users\tarok\AppData\Local\arduino\cores\7dc5168c32a67afc518d931fa80be241\core.a(usart_f1.c.o)
 .debug_info    0x0001310b      0x595 C:\Users\tarok\AppData\Local\arduino\cores\7dc5168c32a67afc518d931fa80be241\core.a(usart_private.c.o)
 .debug_info    0x000136a0      0xd16 C:\Users\tarok\AppData\Local\arduino\cores\7dc5168c32a67afc518d931fa80be241\core.a(usb.c.o)
 .debug_info    0x000143b6     0x22d2 C:\Users\tarok\AppData\Local\arduino\cores\7dc5168c32a67afc518d931fa80be241\core.a(usb_cdcacm.c.o)
 .debug_info    0x00016688      0x26c C:\Users\tarok\AppData\Local\arduino\cores\7dc5168c32a67afc518d931fa80be241\core.a(usb_reg_map.c.o)
 .debug_info    0x000168f4      0xddf C:\Users\tarok\AppData\Local\arduino\cores\7dc5168c32a67afc518d931fa80be241\core.a(usb_core.c.o)
 .debug_info    0x000176d3      0x3ed C:\Users\tarok\AppData\Local\arduino\cores\7dc5168c32a67afc518d931fa80be241\core.a(usb_init.c.o)
 .debug_info    0x00017ac0      0x183 C:\Users\tarok\AppData\Local\arduino\cores\7dc5168c32a67afc518d931fa80be241\core.a(usb_mem.c.o)
 .debug_info    0x00017c43      0xc88 C:\Users\tarok\AppData\Local\arduino\cores\7dc5168c32a67afc518d931fa80be241\core.a(usb_regs.c.o)
 .debug_info    0x000188cb      0xad2 C:\Users\tarok\AppData\Local\arduino\cores\7dc5168c32a67afc518d931fa80be241\core.a(util.c.o)
 .debug_info    0x0001939d       0x99 C:\Users\tarok\AppData\Local\arduino\cores\7dc5168c32a67afc518d931fa80be241\core.a(main.cpp.o)
 .debug_info    0x00019436      0x1e0 C:\Users\tarok\AppData\Local\arduino\cores\7dc5168c32a67afc518d931fa80be241\core.a(wirish_debug.cpp.o)
 .debug_info    0x00019616      0xc8a C:\Users\tarok\AppData\Local\arduino\cores\7dc5168c32a67afc518d931fa80be241\core.a(wirish_digital_f1.cpp.o)
 .debug_info    0x0001a2a0     0x2afa C:\Users\tarok\AppData\Local\arduino\cores\7dc5168c32a67afc518d931fa80be241\core.a(usb_serial.cpp.o)
 .debug_info    0x0001cd9a      0xb0b C:\Users\tarok\AppData\Local\arduino\cores\7dc5168c32a67afc518d931fa80be241\core.a(wirish_digital.cpp.o)
 .debug_info    0x0001d8a5      0x2be C:\Users\tarok\AppData\Local\arduino\cores\7dc5168c32a67afc518d931fa80be241\core.a(wirish_time.cpp.o)
 .debug_info    0x0001db63       0x33 C:\Users\tarok\AppData\Local\arduino\cores\7dc5168c32a67afc518d931fa80be241\core.a(hooks.c.o)
 .debug_info    0x0001db96      0x4ca C:\Users\tarok\AppData\Local\arduino\cores\7dc5168c32a67afc518d931fa80be241\core.a(bkp_f1.c.o)
 .debug_info    0x0001e060      0x6f7 C:\Users\tarok\AppData\Local\arduino\cores\7dc5168c32a67afc518d931fa80be241\core.a(dma.c.o)
 .debug_info    0x0001e757      0x313 C:\Users\tarok\AppData\Local\arduino\cores\7dc5168c32a67afc518d931fa80be241\core.a(gpio.c.o)
 .debug_info    0x0001ea6a     0x1ad2 C:\Users\tarok\AppData\Local\arduino\cores\7dc5168c32a67afc518d931fa80be241\core.a(i2c.c.o)

.debug_abbrev   0x00000000     0x6321
 *(.debug_abbrev)
 .debug_abbrev  0x00000000      0x113 C:\Users\tarok\AppData\Local\arduino\sketches\0463A8B10F42AF3897D07ED6C9E02B45\sketch\sketch_may9b.ino.cpp.o
 .debug_abbrev  0x00000113      0x20b C:\Users\tarok\AppData\Local\arduino\sketches\0463A8B10F42AF3897D07ED6C9E02B45\core\board.cpp.o
 .debug_abbrev  0x0000031e      0x3dd C:\Users\tarok\AppData\Local\arduino\sketches\0463A8B10F42AF3897D07ED6C9E02B45\core\wirish\boards.cpp.o
 .debug_abbrev  0x000006fb      0x2af C:\Users\tarok\AppData\Local\arduino\sketches\0463A8B10F42AF3897D07ED6C9E02B45\core\wirish\boards_setup.cpp.o
 .debug_abbrev  0x000009aa       0x14 C:\Users\tarok\AppData\Local\arduino\sketches\0463A8B10F42AF3897D07ED6C9E02B45\core\wirish\start.S.o
 .debug_abbrev  0x000009be       0xfd C:\Users\tarok\AppData\Local\arduino\sketches\0463A8B10F42AF3897D07ED6C9E02B45\core\wirish\start_c.c.o
 .debug_abbrev  0x00000abb      0x17e C:\Users\tarok\AppData\Local\arduino\sketches\0463A8B10F42AF3897D07ED6C9E02B45\core\wirish\syscalls.c.o
 .debug_abbrev  0x00000c39      0x535 C:\Users\tarok\AppData\Local\arduino\cores\7dc5168c32a67afc518d931fa80be241\core.a(HardwareSerial.cpp.o)
 .debug_abbrev  0x0000116e      0x414 C:\Users\tarok\AppData\Local\arduino\cores\7dc5168c32a67afc518d931fa80be241\core.a(Print.cpp.o)
 .debug_abbrev  0x00001582      0x163 C:\Users\tarok\AppData\Local\arduino\cores\7dc5168c32a67afc518d931fa80be241\core.a(cxxabi-compat.cpp.o)
 .debug_abbrev  0x000016e5      0x20b C:\Users\tarok\AppData\Local\arduino\cores\7dc5168c32a67afc518d931fa80be241\core.a(adc.c.o)
 .debug_abbrev  0x000018f0      0x2e6 C:\Users\tarok\AppData\Local\arduino\cores\7dc5168c32a67afc518d931fa80be241\core.a(adc_f1.c.o)
 .debug_abbrev  0x00001bd6      0x3e9 C:\Users\tarok\AppData\Local\arduino\cores\7dc5168c32a67afc518d931fa80be241\core.a(dma_f1.c.o)
 .debug_abbrev  0x00001fbf       0x14 C:\Users\tarok\AppData\Local\arduino\cores\7dc5168c32a67afc518d931fa80be241\core.a(exc.S.o)
 .debug_abbrev  0x00001fd3      0x286 C:\Users\tarok\AppData\Local\arduino\cores\7dc5168c32a67afc518d931fa80be241\core.a(exti.c.o)
 .debug_abbrev  0x00002259       0xdb C:\Users\tarok\AppData\Local\arduino\cores\7dc5168c32a67afc518d931fa80be241\core.a(exti_f1.c.o)
 .debug_abbrev  0x00002334       0x9f C:\Users\tarok\AppData\Local\arduino\cores\7dc5168c32a67afc518d931fa80be241\core.a(flash.c.o)
 .debug_abbrev  0x000023d3      0x191 C:\Users\tarok\AppData\Local\arduino\cores\7dc5168c32a67afc518d931fa80be241\core.a(gpio_f1.c.o)
 .debug_abbrev  0x00002564      0x20b C:\Users\tarok\AppData\Local\arduino\cores\7dc5168c32a67afc518d931fa80be241\core.a(i2c_f1.c.o)
 .debug_abbrev  0x0000276f      0x1ac C:\Users\tarok\AppData\Local\arduino\cores\7dc5168c32a67afc518d931fa80be241\core.a(nvic.c.o)
 .debug_abbrev  0x0000291b      0x17f C:\Users\tarok\AppData\Local\arduino\cores\7dc5168c32a67afc518d931fa80be241\core.a(rcc.c.o)
 .debug_abbrev  0x00002a9a      0x28c C:\Users\tarok\AppData\Local\arduino\cores\7dc5168c32a67afc518d931fa80be241\core.a(rcc_f1.c.o)
 .debug_abbrev  0x00002d26       0x14 C:\Users\tarok\AppData\Local\arduino\cores\7dc5168c32a67afc518d931fa80be241\core.a(isrs.S.o)
 .debug_abbrev  0x00002d3a      0x10f C:\Users\tarok\AppData\Local\arduino\cores\7dc5168c32a67afc518d931fa80be241\core.a(systick.c.o)
 .debug_abbrev  0x00002e49      0x4c8 C:\Users\tarok\AppData\Local\arduino\cores\7dc5168c32a67afc518d931fa80be241\core.a(timer.c.o)
 .debug_abbrev  0x00003311      0x2ff C:\Users\tarok\AppData\Local\arduino\cores\7dc5168c32a67afc518d931fa80be241\core.a(usart.c.o)
 .debug_abbrev  0x00003610      0x2ad C:\Users\tarok\AppData\Local\arduino\cores\7dc5168c32a67afc518d931fa80be241\core.a(usart_f1.c.o)
 .debug_abbrev  0x000038bd      0x144 C:\Users\tarok\AppData\Local\arduino\cores\7dc5168c32a67afc518d931fa80be241\core.a(usart_private.c.o)
 .debug_abbrev  0x00003a01      0x352 C:\Users\tarok\AppData\Local\arduino\cores\7dc5168c32a67afc518d931fa80be241\core.a(usb.c.o)
 .debug_abbrev  0x00003d53      0x47d C:\Users\tarok\AppData\Local\arduino\cores\7dc5168c32a67afc518d931fa80be241\core.a(usb_cdcacm.c.o)
 .debug_abbrev  0x000041d0      0x193 C:\Users\tarok\AppData\Local\arduino\cores\7dc5168c32a67afc518d931fa80be241\core.a(usb_reg_map.c.o)
 .debug_abbrev  0x00004363      0x3a6 C:\Users\tarok\AppData\Local\arduino\cores\7dc5168c32a67afc518d931fa80be241\core.a(usb_core.c.o)
 .debug_abbrev  0x00004709      0x101 C:\Users\tarok\AppData\Local\arduino\cores\7dc5168c32a67afc518d931fa80be241\core.a(usb_init.c.o)
 .debug_abbrev  0x0000480a       0xa6 C:\Users\tarok\AppData\Local\arduino\cores\7dc5168c32a67afc518d931fa80be241\core.a(usb_mem.c.o)
 .debug_abbrev  0x000048b0      0x1f3 C:\Users\tarok\AppData\Local\arduino\cores\7dc5168c32a67afc518d931fa80be241\core.a(usb_regs.c.o)
 .debug_abbrev  0x00004aa3      0x2cb C:\Users\tarok\AppData\Local\arduino\cores\7dc5168c32a67afc518d931fa80be241\core.a(util.c.o)
 .debug_abbrev  0x00004d6e       0x7b C:\Users\tarok\AppData\Local\arduino\cores\7dc5168c32a67afc518d931fa80be241\core.a(main.cpp.o)
 .debug_abbrev  0x00004de9      0x112 C:\Users\tarok\AppData\Local\arduino\cores\7dc5168c32a67afc518d931fa80be241\core.a(wirish_debug.cpp.o)
 .debug_abbrev  0x00004efb      0x240 C:\Users\tarok\AppData\Local\arduino\cores\7dc5168c32a67afc518d931fa80be241\core.a(wirish_digital_f1.cpp.o)
 .debug_abbrev  0x0000513b      0x635 C:\Users\tarok\AppData\Local\arduino\cores\7dc5168c32a67afc518d931fa80be241\core.a(usb_serial.cpp.o)
 .debug_abbrev  0x00005770      0x17e C:\Users\tarok\AppData\Local\arduino\cores\7dc5168c32a67afc518d931fa80be241\core.a(wirish_digital.cpp.o)
 .debug_abbrev  0x000058ee      0x187 C:\Users\tarok\AppData\Local\arduino\cores\7dc5168c32a67afc518d931fa80be241\core.a(wirish_time.cpp.o)
 .debug_abbrev  0x00005a75       0x26 C:\Users\tarok\AppData\Local\arduino\cores\7dc5168c32a67afc518d931fa80be241\core.a(hooks.c.o)
 .debug_abbrev  0x00005a9b      0x1c4 C:\Users\tarok\AppData\Local\arduino\cores\7dc5168c32a67afc518d931fa80be241\core.a(bkp_f1.c.o)
 .debug_abbrev  0x00005c5f      0x182 C:\Users\tarok\AppData\Local\arduino\cores\7dc5168c32a67afc518d931fa80be241\core.a(dma.c.o)
 .debug_abbrev  0x00005de1      0x113 C:\Users\tarok\AppData\Local\arduino\cores\7dc5168c32a67afc518d931fa80be241\core.a(gpio.c.o)
 .debug_abbrev  0x00005ef4      0x42d C:\Users\tarok\AppData\Local\arduino\cores\7dc5168c32a67afc518d931fa80be241\core.a(i2c.c.o)

.debug_line     0x00000000     0xaf26
 *(.debug_line)
 .debug_line    0x00000000      0x3e0 C:\Users\tarok\AppData\Local\arduino\sketches\0463A8B10F42AF3897D07ED6C9E02B45\sketch\sketch_may9b.ino.cpp.o
 .debug_line    0x000003e0      0x46b C:\Users\tarok\AppData\Local\arduino\sketches\0463A8B10F42AF3897D07ED6C9E02B45\core\board.cpp.o
 .debug_line    0x0000084b      0x4cf C:\Users\tarok\AppData\Local\arduino\sketches\0463A8B10F42AF3897D07ED6C9E02B45\core\wirish\boards.cpp.o
 .debug_line    0x00000d1a      0x4c2 C:\Users\tarok\AppData\Local\arduino\sketches\0463A8B10F42AF3897D07ED6C9E02B45\core\wirish\boards_setup.cpp.o
 .debug_line    0x000011dc       0xb5 C:\Users\tarok\AppData\Local\arduino\sketches\0463A8B10F42AF3897D07ED6C9E02B45\core\wirish\start.S.o
 .debug_line    0x00001291       0xc3 C:\Users\tarok\AppData\Local\arduino\sketches\0463A8B10F42AF3897D07ED6C9E02B45\core\wirish\start_c.c.o
 .debug_line    0x00001354      0x30b C:\Users\tarok\AppData\Local\arduino\sketches\0463A8B10F42AF3897D07ED6C9E02B45\core\wirish\syscalls.c.o
 .debug_line    0x0000165f      0x55d C:\Users\tarok\AppData\Local\arduino\cores\7dc5168c32a67afc518d931fa80be241\core.a(HardwareSerial.cpp.o)
 .debug_line    0x00001bbc      0x5ca C:\Users\tarok\AppData\Local\arduino\cores\7dc5168c32a67afc518d931fa80be241\core.a(Print.cpp.o)
 .debug_line    0x00002186      0x26d C:\Users\tarok\AppData\Local\arduino\cores\7dc5168c32a67afc518d931fa80be241\core.a(cxxabi-compat.cpp.o)
 .debug_line    0x000023f3      0x345 C:\Users\tarok\AppData\Local\arduino\cores\7dc5168c32a67afc518d931fa80be241\core.a(adc.c.o)
 .debug_line    0x00002738      0x3f1 C:\Users\tarok\AppData\Local\arduino\cores\7dc5168c32a67afc518d931fa80be241\core.a(adc_f1.c.o)
 .debug_line    0x00002b29      0x677 C:\Users\tarok\AppData\Local\arduino\cores\7dc5168c32a67afc518d931fa80be241\core.a(dma_f1.c.o)
 .debug_line    0x000031a0       0xb8 C:\Users\tarok\AppData\Local\arduino\cores\7dc5168c32a67afc518d931fa80be241\core.a(exc.S.o)
 .debug_line    0x00003258      0x41e C:\Users\tarok\AppData\Local\arduino\cores\7dc5168c32a67afc518d931fa80be241\core.a(exti.c.o)
 .debug_line    0x00003676      0x348 C:\Users\tarok\AppData\Local\arduino\cores\7dc5168c32a67afc518d931fa80be241\core.a(exti_f1.c.o)
 .debug_line    0x000039be      0x2c7 C:\Users\tarok\AppData\Local\arduino\cores\7dc5168c32a67afc518d931fa80be241\core.a(flash.c.o)
 .debug_line    0x00003c85      0x370 C:\Users\tarok\AppData\Local\arduino\cores\7dc5168c32a67afc518d931fa80be241\core.a(gpio_f1.c.o)
 .debug_line    0x00003ff5      0x455 C:\Users\tarok\AppData\Local\arduino\cores\7dc5168c32a67afc518d931fa80be241\core.a(i2c_f1.c.o)
 .debug_line    0x0000444a      0x32f C:\Users\tarok\AppData\Local\arduino\cores\7dc5168c32a67afc518d931fa80be241\core.a(nvic.c.o)
 .debug_line    0x00004779      0x3c9 C:\Users\tarok\AppData\Local\arduino\cores\7dc5168c32a67afc518d931fa80be241\core.a(rcc.c.o)
 .debug_line    0x00004b42      0x416 C:\Users\tarok\AppData\Local\arduino\cores\7dc5168c32a67afc518d931fa80be241\core.a(rcc_f1.c.o)
 .debug_line    0x00004f58       0xb5 C:\Users\tarok\AppData\Local\arduino\cores\7dc5168c32a67afc518d931fa80be241\core.a(isrs.S.o)
 .debug_line    0x0000500d      0x298 C:\Users\tarok\AppData\Local\arduino\cores\7dc5168c32a67afc518d931fa80be241\core.a(systick.c.o)
 .debug_line    0x000052a5      0x629 C:\Users\tarok\AppData\Local\arduino\cores\7dc5168c32a67afc518d931fa80be241\core.a(timer.c.o)
 .debug_line    0x000058ce      0x45d C:\Users\tarok\AppData\Local\arduino\cores\7dc5168c32a67afc518d931fa80be241\core.a(usart.c.o)
 .debug_line    0x00005d2b      0x466 C:\Users\tarok\AppData\Local\arduino\cores\7dc5168c32a67afc518d931fa80be241\core.a(usart_f1.c.o)
 .debug_line    0x00006191      0x303 C:\Users\tarok\AppData\Local\arduino\cores\7dc5168c32a67afc518d931fa80be241\core.a(usart_private.c.o)
 .debug_line    0x00006494      0x53d C:\Users\tarok\AppData\Local\arduino\cores\7dc5168c32a67afc518d931fa80be241\core.a(usb.c.o)
 .debug_line    0x000069d1      0x947 C:\Users\tarok\AppData\Local\arduino\cores\7dc5168c32a67afc518d931fa80be241\core.a(usb_cdcacm.c.o)
 .debug_line    0x00007318      0x2fa C:\Users\tarok\AppData\Local\arduino\cores\7dc5168c32a67afc518d931fa80be241\core.a(usb_reg_map.c.o)
 .debug_line    0x00007612      0x433 C:\Users\tarok\AppData\Local\arduino\cores\7dc5168c32a67afc518d931fa80be241\core.a(usb_core.c.o)
 .debug_line    0x00007a45      0x148 C:\Users\tarok\AppData\Local\arduino\cores\7dc5168c32a67afc518d931fa80be241\core.a(usb_init.c.o)
 .debug_line    0x00007b8d      0x182 C:\Users\tarok\AppData\Local\arduino\cores\7dc5168c32a67afc518d931fa80be241\core.a(usb_mem.c.o)
 .debug_line    0x00007d0f      0x5ac C:\Users\tarok\AppData\Local\arduino\cores\7dc5168c32a67afc518d931fa80be241\core.a(usb_regs.c.o)
 .debug_line    0x000082bb      0x3cb C:\Users\tarok\AppData\Local\arduino\cores\7dc5168c32a67afc518d931fa80be241\core.a(util.c.o)
 .debug_line    0x00008686       0xb0 C:\Users\tarok\AppData\Local\arduino\cores\7dc5168c32a67afc518d931fa80be241\core.a(main.cpp.o)
 .debug_line    0x00008736      0x2e5 C:\Users\tarok\AppData\Local\arduino\cores\7dc5168c32a67afc518d931fa80be241\core.a(wirish_debug.cpp.o)
 .debug_line    0x00008a1b      0x3f6 C:\Users\tarok\AppData\Local\arduino\cores\7dc5168c32a67afc518d931fa80be241\core.a(wirish_digital_f1.cpp.o)
 .debug_line    0x00008e11      0x6cf C:\Users\tarok\AppData\Local\arduino\cores\7dc5168c32a67afc518d931fa80be241\core.a(usb_serial.cpp.o)
 .debug_line    0x000094e0      0x379 C:\Users\tarok\AppData\Local\arduino\cores\7dc5168c32a67afc518d931fa80be241\core.a(wirish_digital.cpp.o)
 .debug_line    0x00009859      0x35d C:\Users\tarok\AppData\Local\arduino\cores\7dc5168c32a67afc518d931fa80be241\core.a(wirish_time.cpp.o)
 .debug_line    0x00009bb6       0x99 C:\Users\tarok\AppData\Local\arduino\cores\7dc5168c32a67afc518d931fa80be241\core.a(hooks.c.o)
 .debug_line    0x00009c4f      0x341 C:\Users\tarok\AppData\Local\arduino\cores\7dc5168c32a67afc518d931fa80be241\core.a(bkp_f1.c.o)
 .debug_line    0x00009f90      0x392 C:\Users\tarok\AppData\Local\arduino\cores\7dc5168c32a67afc518d931fa80be241\core.a(dma.c.o)
 .debug_line    0x0000a322      0x2ec C:\Users\tarok\AppData\Local\arduino\cores\7dc5168c32a67afc518d931fa80be241\core.a(gpio.c.o)
 .debug_line    0x0000a60e      0x918 C:\Users\tarok\AppData\Local\arduino\cores\7dc5168c32a67afc518d931fa80be241\core.a(i2c.c.o)

.debug_frame    0x00000000     0x232c
 *(.debug_frame)
 .debug_frame   0x00000000       0x38 C:\Users\tarok\AppData\Local\arduino\sketches\0463A8B10F42AF3897D07ED6C9E02B45\sketch\sketch_may9b.ino.cpp.o
 .debug_frame   0x00000038       0x38 C:\Users\tarok\AppData\Local\arduino\sketches\0463A8B10F42AF3897D07ED6C9E02B45\core\board.cpp.o
 .debug_frame   0x00000070       0x84 C:\Users\tarok\AppData\Local\arduino\sketches\0463A8B10F42AF3897D07ED6C9E02B45\core\wirish\boards.cpp.o
 .debug_frame   0x000000f4       0x74 C:\Users\tarok\AppData\Local\arduino\sketches\0463A8B10F42AF3897D07ED6C9E02B45\core\wirish\boards_setup.cpp.o
 .debug_frame   0x00000168       0x28 C:\Users\tarok\AppData\Local\arduino\sketches\0463A8B10F42AF3897D07ED6C9E02B45\core\wirish\start_c.c.o
 .debug_frame   0x00000190      0x130 C:\Users\tarok\AppData\Local\arduino\sketches\0463A8B10F42AF3897D07ED6C9E02B45\core\wirish\syscalls.c.o
 .debug_frame   0x000002c0      0x10c C:\Users\tarok\AppData\Local\arduino\cores\7dc5168c32a67afc518d931fa80be241\core.a(HardwareSerial.cpp.o)
 .debug_frame   0x000003cc      0x378 C:\Users\tarok\AppData\Local\arduino\cores\7dc5168c32a67afc518d931fa80be241\core.a(Print.cpp.o)
 .debug_frame   0x00000744       0x38 C:\Users\tarok\AppData\Local\arduino\cores\7dc5168c32a67afc518d931fa80be241\core.a(cxxabi-compat.cpp.o)
 .debug_frame   0x0000077c       0x64 C:\Users\tarok\AppData\Local\arduino\cores\7dc5168c32a67afc518d931fa80be241\core.a(adc.c.o)
 .debug_frame   0x000007e0       0xb4 C:\Users\tarok\AppData\Local\arduino\cores\7dc5168c32a67afc518d931fa80be241\core.a(adc_f1.c.o)
 .debug_frame   0x00000894      0x190 C:\Users\tarok\AppData\Local\arduino\cores\7dc5168c32a67afc518d931fa80be241\core.a(dma_f1.c.o)